../Core/Src/main.c:75:5:main	40	static,ignoring_inline_asm
../Core/Src/main.c:142:6:SystemClock_Config	88	static
../Core/Src/main.c:189:13:MX_GPIO_Init	40	static
../Core/Src/main.c:226:6:switch_priority	32	static
../Core/Src/main.c:261:13:led_orange_handler	16	static
../Core/Src/main.c:272:13:led_blue_handler	16	static
../Core/Src/main.c:282:6:button_interrupt_handler	8	static
../Core/Src/main.c:299:6:HAL_TIM_PeriodElapsedCallback	16	static
../Core/Src/main.c:316:6:Error_Handler	4	static,ignoring_inline_asm
