18:22:12 **** Incremental Build of configuration Debug for project FreeRTOS6Task_isr ****
make -j8 all 
arm-none-eabi-gcc "../Core/Src/main.c" -mcpu=cortex-m4 -std=gnu11 -g3 -DDEBUG -DUSE_HAL_DRIVER -DSTM32F407xx -c -I../Core/Inc -I../Drivers/STM32F4xx_HAL_Driver/Inc -I../Drivers/STM32F4xx_HAL_Driver/Inc/Legacy -I../Drivers/CMSIS/Device/ST/STM32F4xx/Include -I../Drivers/CMSIS/Include -I"C:/Users/Ankit/Desktop/stm32/RTOS_workspace/common/ThirdParty/FreeRTOS/include" -I"C:/Users/Ankit/Desktop/stm32/RTOS_workspace/common/ThirdParty/FreeRTOS" -I"C:/Users/Ankit/Desktop/stm32/RTOS_workspace/common/ThirdParty/FreeRTOS/portable/GCC/ARM_CM4F" -I"C:/Users/Ankit/Desktop/stm32/RTOS_workspace/common/ThirdParty/SEGGER/config" -I"C:/Users/Ankit/Desktop/stm32/RTOS_workspace/common/ThirdParty/SEGGER/OS" -I"C:/Users/Ankit/Desktop/stm32/RTOS_workspace/common/ThirdParty/SEGGER/SEGGER" -O0 -ffunction-sections -fdata-sections -Wall -fstack-usage -fcyclomatic-complexity -MMD -MP -MF"Core/Src/main.d" -MT"Core/Src/main.o" --specs=nano.specs -mfpu=fpv4-sp-d16 -mfloat-abi=hard -mthumb -o "Core/Src/main.o"
arm-none-eabi-gcc -o "FreeRTOS6Task_isr.elf" @"objects.list"   -mcpu=cortex-m4 -T"C:\Users\Ankit\Desktop\stm32\RTOS_workspace\FreeRTOS6Task_isr\STM32F407VGTX_FLASH.ld" --specs=nosys.specs -Wl,-Map="FreeRTOS6Task_isr.map" -Wl,--gc-sections -static --specs=nano.specs -mfpu=fpv4-sp-d16 -mfloat-abi=hard -mthumb -Wl,--start-group -lc -lm -Wl,--end-group
Finished building target: FreeRTOS6Task_isr.elf
 
arm-none-eabi-size   FreeRTOS6Task_isr.elf 
arm-none-eabi-objdump -h -S  FreeRTOS6Task_isr.elf  > "FreeRTOS6Task_isr.list"
   text	   data	    bss	    dec	    hex	filename
  35028	    128	  85000	 120156	  1d55c	FreeRTOS6Task_isr.elf
Finished building: default.size.stdout
 
Finished building: FreeRTOS6Task_isr.list
 

18:22:13 Build Finished. 0 errors, 0 warnings. (took 1s.660ms)

