13:41:59 **** Build of configuration Debug for project FreeRTOS8Task_queue ****
make -j8 all 
arm-none-eabi-gcc "C:/Users/Ankit/Desktop/stm32/github/RTOS/RTOS_workspace/common/ThirdParty/FreeRTOS/portable/MemMang/heap_4.c" -mcpu=cortex-m4 -std=gnu11 -g3 -DDEBUG -DUSE_HAL_DRIVER -DSTM32F407xx -c -I../Core/Inc -I../Drivers/STM32F4xx_HAL_Driver/Inc -I../Drivers/STM32F4xx_HAL_Driver/Inc/Legacy -I../Drivers/CMSIS/Device/ST/STM32F4xx/Include -I../Drivers/CMSIS/Include -I"C:/Users/Ankit/Desktop/stm32/RTOS_workspace/common/ThirdParty/FreeRTOS/include" -I"C:/Users/Ankit/Desktop/stm32/github/RTOS/RTOS_workspace/common/ThirdParty/FreeRTOS" -I"C:/Users/Ankit/Desktop/stm32/RTOS_workspace/common/ThirdParty/FreeRTOS/portable/GCC/ARM_CM4F" -I"C:/Users/Ankit/Desktop/stm32/RTOS_workspace/common/ThirdParty/SEGGER/config" -I"C:/Users/Ankit/Desktop/stm32/RTOS_workspace/common/ThirdParty/SEGGER/OS" -I"C:/Users/Ankit/Desktop/stm32/RTOS_workspace/common/ThirdParty/SEGGER/SEGGER" -O0 -ffunction-sections -fdata-sections -Wall -fstack-usage -fcyclomatic-complexity -MMD -MP -MF"common/ThirdParty/FreeRTOS/portable/MemMang/heap_4.d" -MT"common/ThirdParty/FreeRTOS/portable/MemMang/heap_4.o" --specs=nano.specs -mfpu=fpv4-sp-d16 -mfloat-abi=hard -mthumb -o "common/ThirdParty/FreeRTOS/portable/MemMang/heap_4.o"
arm-none-eabi-gcc "C:/Users/Ankit/Desktop/stm32/github/RTOS/RTOS_workspace/common/ThirdParty/FreeRTOS/portable/GCC/ARM_CM4F/port.c" -mcpu=cortex-m4 -std=gnu11 -g3 -DDEBUG -DUSE_HAL_DRIVER -DSTM32F407xx -c -I../Core/Inc -I../Drivers/STM32F4xx_HAL_Driver/Inc -I../Drivers/STM32F4xx_HAL_Driver/Inc/Legacy -I../Drivers/CMSIS/Device/ST/STM32F4xx/Include -I../Drivers/CMSIS/Include -I"C:/Users/Ankit/Desktop/stm32/RTOS_workspace/common/ThirdParty/FreeRTOS/include" -I"C:/Users/Ankit/Desktop/stm32/github/RTOS/RTOS_workspace/common/ThirdParty/FreeRTOS" -I"C:/Users/Ankit/Desktop/stm32/RTOS_workspace/common/ThirdParty/FreeRTOS/portable/GCC/ARM_CM4F" -I"C:/Users/Ankit/Desktop/stm32/RTOS_workspace/common/ThirdParty/SEGGER/config" -I"C:/Users/Ankit/Desktop/stm32/RTOS_workspace/common/ThirdParty/SEGGER/OS" -I"C:/Users/Ankit/Desktop/stm32/RTOS_workspace/common/ThirdParty/SEGGER/SEGGER" -O0 -ffunction-sections -fdata-sections -Wall -fstack-usage -fcyclomatic-complexity -MMD -MP -MF"common/ThirdParty/FreeRTOS/portable/GCC/ARM_CM4F/port.d" -MT"common/ThirdParty/FreeRTOS/portable/GCC/ARM_CM4F/port.o" --specs=nano.specs -mfpu=fpv4-sp-d16 -mfloat-abi=hard -mthumb -o "common/ThirdParty/FreeRTOS/portable/GCC/ARM_CM4F/port.o"
arm-none-eabi-gcc "C:/Users/Ankit/Desktop/stm32/github/RTOS/RTOS_workspace/common/ThirdParty/FreeRTOS/croutine.c" -mcpu=cortex-m4 -std=gnu11 -g3 -DDEBUG -DUSE_HAL_DRIVER -DSTM32F407xx -c -I../Core/Inc -I../Drivers/STM32F4xx_HAL_Driver/Inc -I../Drivers/STM32F4xx_HAL_Driver/Inc/Legacy -I../Drivers/CMSIS/Device/ST/STM32F4xx/Include -I../Drivers/CMSIS/Include -I"C:/Users/Ankit/Desktop/stm32/RTOS_workspace/common/ThirdParty/FreeRTOS/include" -I"C:/Users/Ankit/Desktop/stm32/github/RTOS/RTOS_workspace/common/ThirdParty/FreeRTOS" -I"C:/Users/Ankit/Desktop/stm32/RTOS_workspace/common/ThirdParty/FreeRTOS/portable/GCC/ARM_CM4F" -I"C:/Users/Ankit/Desktop/stm32/RTOS_workspace/common/ThirdParty/SEGGER/config" -I"C:/Users/Ankit/Desktop/stm32/RTOS_workspace/common/ThirdParty/SEGGER/OS" -I"C:/Users/Ankit/Desktop/stm32/RTOS_workspace/common/ThirdParty/SEGGER/SEGGER" -O0 -ffunction-sections -fdata-sections -Wall -fstack-usage -fcyclomatic-complexity -MMD -MP -MF"common/ThirdParty/FreeRTOS/croutine.d" -MT"common/ThirdParty/FreeRTOS/croutine.o" --specs=nano.specs -mfpu=fpv4-sp-d16 -mfloat-abi=hard -mthumb -o "common/ThirdParty/FreeRTOS/croutine.o"
arm-none-eabi-gcc "C:/Users/Ankit/Desktop/stm32/github/RTOS/RTOS_workspace/common/ThirdParty/FreeRTOS/event_groups.c" -mcpu=cortex-m4 -std=gnu11 -g3 -DDEBUG -DUSE_HAL_DRIVER -DSTM32F407xx -c -I../Core/Inc -I../Drivers/STM32F4xx_HAL_Driver/Inc -I../Drivers/STM32F4xx_HAL_Driver/Inc/Legacy -I../Drivers/CMSIS/Device/ST/STM32F4xx/Include -I../Drivers/CMSIS/Include -I"C:/Users/Ankit/Desktop/stm32/RTOS_workspace/common/ThirdParty/FreeRTOS/include" -I"C:/Users/Ankit/Desktop/stm32/github/RTOS/RTOS_workspace/common/ThirdParty/FreeRTOS" -I"C:/Users/Ankit/Desktop/stm32/RTOS_workspace/common/ThirdParty/FreeRTOS/portable/GCC/ARM_CM4F" -I"C:/Users/Ankit/Desktop/stm32/RTOS_workspace/common/ThirdParty/SEGGER/config" -I"C:/Users/Ankit/Desktop/stm32/RTOS_workspace/common/ThirdParty/SEGGER/OS" -I"C:/Users/Ankit/Desktop/stm32/RTOS_workspace/common/ThirdParty/SEGGER/SEGGER" -O0 -ffunction-sections -fdata-sections -Wall -fstack-usage -fcyclomatic-complexity -MMD -MP -MF"common/ThirdParty/FreeRTOS/event_groups.d" -MT"common/ThirdParty/FreeRTOS/event_groups.o" --specs=nano.specs -mfpu=fpv4-sp-d16 -mfloat-abi=hard -mthumb -o "common/ThirdParty/FreeRTOS/event_groups.o"
arm-none-eabi-gcc "C:/Users/Ankit/Desktop/stm32/github/RTOS/RTOS_workspace/common/ThirdParty/FreeRTOS/list.c" -mcpu=cortex-m4 -std=gnu11 -g3 -DDEBUG -DUSE_HAL_DRIVER -DSTM32F407xx -c -I../Core/Inc -I../Drivers/STM32F4xx_HAL_Driver/Inc -I../Drivers/STM32F4xx_HAL_Driver/Inc/Legacy -I../Drivers/CMSIS/Device/ST/STM32F4xx/Include -I../Drivers/CMSIS/Include -I"C:/Users/Ankit/Desktop/stm32/RTOS_workspace/common/ThirdParty/FreeRTOS/include" -I"C:/Users/Ankit/Desktop/stm32/github/RTOS/RTOS_workspace/common/ThirdParty/FreeRTOS" -I"C:/Users/Ankit/Desktop/stm32/RTOS_workspace/common/ThirdParty/FreeRTOS/portable/GCC/ARM_CM4F" -I"C:/Users/Ankit/Desktop/stm32/RTOS_workspace/common/ThirdParty/SEGGER/config" -I"C:/Users/Ankit/Desktop/stm32/RTOS_workspace/common/ThirdParty/SEGGER/OS" -I"C:/Users/Ankit/Desktop/stm32/RTOS_workspace/common/ThirdParty/SEGGER/SEGGER" -O0 -ffunction-sections -fdata-sections -Wall -fstack-usage -fcyclomatic-complexity -MMD -MP -MF"common/ThirdParty/FreeRTOS/list.d" -MT"common/ThirdParty/FreeRTOS/list.o" --specs=nano.specs -mfpu=fpv4-sp-d16 -mfloat-abi=hard -mthumb -o "common/ThirdParty/FreeRTOS/list.o"
arm-none-eabi-gcc "C:/Users/Ankit/Desktop/stm32/github/RTOS/RTOS_workspace/common/ThirdParty/FreeRTOS/queue.c" -mcpu=cortex-m4 -std=gnu11 -g3 -DDEBUG -DUSE_HAL_DRIVER -DSTM32F407xx -c -I../Core/Inc -I../Drivers/STM32F4xx_HAL_Driver/Inc -I../Drivers/STM32F4xx_HAL_Driver/Inc/Legacy -I../Drivers/CMSIS/Device/ST/STM32F4xx/Include -I../Drivers/CMSIS/Include -I"C:/Users/Ankit/Desktop/stm32/RTOS_workspace/common/ThirdParty/FreeRTOS/include" -I"C:/Users/Ankit/Desktop/stm32/github/RTOS/RTOS_workspace/common/ThirdParty/FreeRTOS" -I"C:/Users/Ankit/Desktop/stm32/RTOS_workspace/common/ThirdParty/FreeRTOS/portable/GCC/ARM_CM4F" -I"C:/Users/Ankit/Desktop/stm32/RTOS_workspace/common/ThirdParty/SEGGER/config" -I"C:/Users/Ankit/Desktop/stm32/RTOS_workspace/common/ThirdParty/SEGGER/OS" -I"C:/Users/Ankit/Desktop/stm32/RTOS_workspace/common/ThirdParty/SEGGER/SEGGER" -O0 -ffunction-sections -fdata-sections -Wall -fstack-usage -fcyclomatic-complexity -MMD -MP -MF"common/ThirdParty/FreeRTOS/queue.d" -MT"common/ThirdParty/FreeRTOS/queue.o" --specs=nano.specs -mfpu=fpv4-sp-d16 -mfloat-abi=hard -mthumb -o "common/ThirdParty/FreeRTOS/queue.o"
arm-none-eabi-gcc "C:/Users/Ankit/Desktop/stm32/github/RTOS/RTOS_workspace/common/ThirdParty/FreeRTOS/stream_buffer.c" -mcpu=cortex-m4 -std=gnu11 -g3 -DDEBUG -DUSE_HAL_DRIVER -DSTM32F407xx -c -I../Core/Inc -I../Drivers/STM32F4xx_HAL_Driver/Inc -I../Drivers/STM32F4xx_HAL_Driver/Inc/Legacy -I../Drivers/CMSIS/Device/ST/STM32F4xx/Include -I../Drivers/CMSIS/Include -I"C:/Users/Ankit/Desktop/stm32/RTOS_workspace/common/ThirdParty/FreeRTOS/include" -I"C:/Users/Ankit/Desktop/stm32/github/RTOS/RTOS_workspace/common/ThirdParty/FreeRTOS" -I"C:/Users/Ankit/Desktop/stm32/RTOS_workspace/common/ThirdParty/FreeRTOS/portable/GCC/ARM_CM4F" -I"C:/Users/Ankit/Desktop/stm32/RTOS_workspace/common/ThirdParty/SEGGER/config" -I"C:/Users/Ankit/Desktop/stm32/RTOS_workspace/common/ThirdParty/SEGGER/OS" -I"C:/Users/Ankit/Desktop/stm32/RTOS_workspace/common/ThirdParty/SEGGER/SEGGER" -O0 -ffunction-sections -fdata-sections -Wall -fstack-usage -fcyclomatic-complexity -MMD -MP -MF"common/ThirdParty/FreeRTOS/stream_buffer.d" -MT"common/ThirdParty/FreeRTOS/stream_buffer.o" --specs=nano.specs -mfpu=fpv4-sp-d16 -mfloat-abi=hard -mthumb -o "common/ThirdParty/FreeRTOS/stream_buffer.o"
arm-none-eabi-gcc "C:/Users/Ankit/Desktop/stm32/github/RTOS/RTOS_workspace/common/ThirdParty/FreeRTOS/tasks.c" -mcpu=cortex-m4 -std=gnu11 -g3 -DDEBUG -DUSE_HAL_DRIVER -DSTM32F407xx -c -I../Core/Inc -I../Drivers/STM32F4xx_HAL_Driver/Inc -I../Drivers/STM32F4xx_HAL_Driver/Inc/Legacy -I../Drivers/CMSIS/Device/ST/STM32F4xx/Include -I../Drivers/CMSIS/Include -I"C:/Users/Ankit/Desktop/stm32/RTOS_workspace/common/ThirdParty/FreeRTOS/include" -I"C:/Users/Ankit/Desktop/stm32/github/RTOS/RTOS_workspace/common/ThirdParty/FreeRTOS" -I"C:/Users/Ankit/Desktop/stm32/RTOS_workspace/common/ThirdParty/FreeRTOS/portable/GCC/ARM_CM4F" -I"C:/Users/Ankit/Desktop/stm32/RTOS_workspace/common/ThirdParty/SEGGER/config" -I"C:/Users/Ankit/Desktop/stm32/RTOS_workspace/common/ThirdParty/SEGGER/OS" -I"C:/Users/Ankit/Desktop/stm32/RTOS_workspace/common/ThirdParty/SEGGER/SEGGER" -O0 -ffunction-sections -fdata-sections -Wall -fstack-usage -fcyclomatic-complexity -MMD -MP -MF"common/ThirdParty/FreeRTOS/tasks.d" -MT"common/ThirdParty/FreeRTOS/tasks.o" --specs=nano.specs -mfpu=fpv4-sp-d16 -mfloat-abi=hard -mthumb -o "common/ThirdParty/FreeRTOS/tasks.o"
arm-none-eabi-gcc "C:/Users/Ankit/Desktop/stm32/github/RTOS/RTOS_workspace/common/ThirdParty/FreeRTOS/timers.c" -mcpu=cortex-m4 -std=gnu11 -g3 -DDEBUG -DUSE_HAL_DRIVER -DSTM32F407xx -c -I../Core/Inc -I../Drivers/STM32F4xx_HAL_Driver/Inc -I../Drivers/STM32F4xx_HAL_Driver/Inc/Legacy -I../Drivers/CMSIS/Device/ST/STM32F4xx/Include -I../Drivers/CMSIS/Include -I"C:/Users/Ankit/Desktop/stm32/RTOS_workspace/common/ThirdParty/FreeRTOS/include" -I"C:/Users/Ankit/Desktop/stm32/github/RTOS/RTOS_workspace/common/ThirdParty/FreeRTOS" -I"C:/Users/Ankit/Desktop/stm32/RTOS_workspace/common/ThirdParty/FreeRTOS/portable/GCC/ARM_CM4F" -I"C:/Users/Ankit/Desktop/stm32/RTOS_workspace/common/ThirdParty/SEGGER/config" -I"C:/Users/Ankit/Desktop/stm32/RTOS_workspace/common/ThirdParty/SEGGER/OS" -I"C:/Users/Ankit/Desktop/stm32/RTOS_workspace/common/ThirdParty/SEGGER/SEGGER" -O0 -ffunction-sections -fdata-sections -Wall -fstack-usage -fcyclomatic-complexity -MMD -MP -MF"common/ThirdParty/FreeRTOS/timers.d" -MT"common/ThirdParty/FreeRTOS/timers.o" --specs=nano.specs -mfpu=fpv4-sp-d16 -mfloat-abi=hard -mthumb -o "common/ThirdParty/FreeRTOS/timers.o"
arm-none-eabi-gcc "../Drivers/STM32F4xx_HAL_Driver/Src/stm32f4xx_hal.c" -mcpu=cortex-m4 -std=gnu11 -g3 -DDEBUG -DUSE_HAL_DRIVER -DSTM32F407xx -c -I../Core/Inc -I../Drivers/STM32F4xx_HAL_Driver/Inc -I../Drivers/STM32F4xx_HAL_Driver/Inc/Legacy -I../Drivers/CMSIS/Device/ST/STM32F4xx/Include -I../Drivers/CMSIS/Include -I"C:/Users/Ankit/Desktop/stm32/RTOS_workspace/common/ThirdParty/FreeRTOS/include" -I"C:/Users/Ankit/Desktop/stm32/github/RTOS/RTOS_workspace/common/ThirdParty/FreeRTOS" -I"C:/Users/Ankit/Desktop/stm32/RTOS_workspace/common/ThirdParty/FreeRTOS/portable/GCC/ARM_CM4F" -I"C:/Users/Ankit/Desktop/stm32/RTOS_workspace/common/ThirdParty/SEGGER/config" -I"C:/Users/Ankit/Desktop/stm32/RTOS_workspace/common/ThirdParty/SEGGER/OS" -I"C:/Users/Ankit/Desktop/stm32/RTOS_workspace/common/ThirdParty/SEGGER/SEGGER" -O0 -ffunction-sections -fdata-sections -Wall -fstack-usage -fcyclomatic-complexity -MMD -MP -MF"Drivers/STM32F4xx_HAL_Driver/Src/stm32f4xx_hal.d" -MT"Drivers/STM32F4xx_HAL_Driver/Src/stm32f4xx_hal.o" --specs=nano.specs -mfpu=fpv4-sp-d16 -mfloat-abi=hard -mthumb -o "Drivers/STM32F4xx_HAL_Driver/Src/stm32f4xx_hal.o"
arm-none-eabi-gcc "../Drivers/STM32F4xx_HAL_Driver/Src/stm32f4xx_hal_cortex.c" -mcpu=cortex-m4 -std=gnu11 -g3 -DDEBUG -DUSE_HAL_DRIVER -DSTM32F407xx -c -I../Core/Inc -I../Drivers/STM32F4xx_HAL_Driver/Inc -I../Drivers/STM32F4xx_HAL_Driver/Inc/Legacy -I../Drivers/CMSIS/Device/ST/STM32F4xx/Include -I../Drivers/CMSIS/Include -I"C:/Users/Ankit/Desktop/stm32/RTOS_workspace/common/ThirdParty/FreeRTOS/include" -I"C:/Users/Ankit/Desktop/stm32/github/RTOS/RTOS_workspace/common/ThirdParty/FreeRTOS" -I"C:/Users/Ankit/Desktop/stm32/RTOS_workspace/common/ThirdParty/FreeRTOS/portable/GCC/ARM_CM4F" -I"C:/Users/Ankit/Desktop/stm32/RTOS_workspace/common/ThirdParty/SEGGER/config" -I"C:/Users/Ankit/Desktop/stm32/RTOS_workspace/common/ThirdParty/SEGGER/OS" -I"C:/Users/Ankit/Desktop/stm32/RTOS_workspace/common/ThirdParty/SEGGER/SEGGER" -O0 -ffunction-sections -fdata-sections -Wall -fstack-usage -fcyclomatic-complexity -MMD -MP -MF"Drivers/STM32F4xx_HAL_Driver/Src/stm32f4xx_hal_cortex.d" -MT"Drivers/STM32F4xx_HAL_Driver/Src/stm32f4xx_hal_cortex.o" --specs=nano.specs -mfpu=fpv4-sp-d16 -mfloat-abi=hard -mthumb -o "Drivers/STM32F4xx_HAL_Driver/Src/stm32f4xx_hal_cortex.o"
arm-none-eabi-gcc "../Drivers/STM32F4xx_HAL_Driver/Src/stm32f4xx_hal_dma.c" -mcpu=cortex-m4 -std=gnu11 -g3 -DDEBUG -DUSE_HAL_DRIVER -DSTM32F407xx -c -I../Core/Inc -I../Drivers/STM32F4xx_HAL_Driver/Inc -I../Drivers/STM32F4xx_HAL_Driver/Inc/Legacy -I../Drivers/CMSIS/Device/ST/STM32F4xx/Include -I../Drivers/CMSIS/Include -I"C:/Users/Ankit/Desktop/stm32/RTOS_workspace/common/ThirdParty/FreeRTOS/include" -I"C:/Users/Ankit/Desktop/stm32/github/RTOS/RTOS_workspace/common/ThirdParty/FreeRTOS" -I"C:/Users/Ankit/Desktop/stm32/RTOS_workspace/common/ThirdParty/FreeRTOS/portable/GCC/ARM_CM4F" -I"C:/Users/Ankit/Desktop/stm32/RTOS_workspace/common/ThirdParty/SEGGER/config" -I"C:/Users/Ankit/Desktop/stm32/RTOS_workspace/common/ThirdParty/SEGGER/OS" -I"C:/Users/Ankit/Desktop/stm32/RTOS_workspace/common/ThirdParty/SEGGER/SEGGER" -O0 -ffunction-sections -fdata-sections -Wall -fstack-usage -fcyclomatic-complexity -MMD -MP -MF"Drivers/STM32F4xx_HAL_Driver/Src/stm32f4xx_hal_dma.d" -MT"Drivers/STM32F4xx_HAL_Driver/Src/stm32f4xx_hal_dma.o" --specs=nano.specs -mfpu=fpv4-sp-d16 -mfloat-abi=hard -mthumb -o "Drivers/STM32F4xx_HAL_Driver/Src/stm32f4xx_hal_dma.o"
arm-none-eabi-gcc "../Drivers/STM32F4xx_HAL_Driver/Src/stm32f4xx_hal_dma_ex.c" -mcpu=cortex-m4 -std=gnu11 -g3 -DDEBUG -DUSE_HAL_DRIVER -DSTM32F407xx -c -I../Core/Inc -I../Drivers/STM32F4xx_HAL_Driver/Inc -I../Drivers/STM32F4xx_HAL_Driver/Inc/Legacy -I../Drivers/CMSIS/Device/ST/STM32F4xx/Include -I../Drivers/CMSIS/Include -I"C:/Users/Ankit/Desktop/stm32/RTOS_workspace/common/ThirdParty/FreeRTOS/include" -I"C:/Users/Ankit/Desktop/stm32/github/RTOS/RTOS_workspace/common/ThirdParty/FreeRTOS" -I"C:/Users/Ankit/Desktop/stm32/RTOS_workspace/common/ThirdParty/FreeRTOS/portable/GCC/ARM_CM4F" -I"C:/Users/Ankit/Desktop/stm32/RTOS_workspace/common/ThirdParty/SEGGER/config" -I"C:/Users/Ankit/Desktop/stm32/RTOS_workspace/common/ThirdParty/SEGGER/OS" -I"C:/Users/Ankit/Desktop/stm32/RTOS_workspace/common/ThirdParty/SEGGER/SEGGER" -O0 -ffunction-sections -fdata-sections -Wall -fstack-usage -fcyclomatic-complexity -MMD -MP -MF"Drivers/STM32F4xx_HAL_Driver/Src/stm32f4xx_hal_dma_ex.d" -MT"Drivers/STM32F4xx_HAL_Driver/Src/stm32f4xx_hal_dma_ex.o" --specs=nano.specs -mfpu=fpv4-sp-d16 -mfloat-abi=hard -mthumb -o "Drivers/STM32F4xx_HAL_Driver/Src/stm32f4xx_hal_dma_ex.o"
arm-none-eabi-gcc "../Drivers/STM32F4xx_HAL_Driver/Src/stm32f4xx_hal_exti.c" -mcpu=cortex-m4 -std=gnu11 -g3 -DDEBUG -DUSE_HAL_DRIVER -DSTM32F407xx -c -I../Core/Inc -I../Drivers/STM32F4xx_HAL_Driver/Inc -I../Drivers/STM32F4xx_HAL_Driver/Inc/Legacy -I../Drivers/CMSIS/Device/ST/STM32F4xx/Include -I../Drivers/CMSIS/Include -I"C:/Users/Ankit/Desktop/stm32/RTOS_workspace/common/ThirdParty/FreeRTOS/include" -I"C:/Users/Ankit/Desktop/stm32/github/RTOS/RTOS_workspace/common/ThirdParty/FreeRTOS" -I"C:/Users/Ankit/Desktop/stm32/RTOS_workspace/common/ThirdParty/FreeRTOS/portable/GCC/ARM_CM4F" -I"C:/Users/Ankit/Desktop/stm32/RTOS_workspace/common/ThirdParty/SEGGER/config" -I"C:/Users/Ankit/Desktop/stm32/RTOS_workspace/common/ThirdParty/SEGGER/OS" -I"C:/Users/Ankit/Desktop/stm32/RTOS_workspace/common/ThirdParty/SEGGER/SEGGER" -O0 -ffunction-sections -fdata-sections -Wall -fstack-usage -fcyclomatic-complexity -MMD -MP -MF"Drivers/STM32F4xx_HAL_Driver/Src/stm32f4xx_hal_exti.d" -MT"Drivers/STM32F4xx_HAL_Driver/Src/stm32f4xx_hal_exti.o" --specs=nano.specs -mfpu=fpv4-sp-d16 -mfloat-abi=hard -mthumb -o "Drivers/STM32F4xx_HAL_Driver/Src/stm32f4xx_hal_exti.o"
arm-none-eabi-gcc "../Drivers/STM32F4xx_HAL_Driver/Src/stm32f4xx_hal_flash.c" -mcpu=cortex-m4 -std=gnu11 -g3 -DDEBUG -DUSE_HAL_DRIVER -DSTM32F407xx -c -I../Core/Inc -I../Drivers/STM32F4xx_HAL_Driver/Inc -I../Drivers/STM32F4xx_HAL_Driver/Inc/Legacy -I../Drivers/CMSIS/Device/ST/STM32F4xx/Include -I../Drivers/CMSIS/Include -I"C:/Users/Ankit/Desktop/stm32/RTOS_workspace/common/ThirdParty/FreeRTOS/include" -I"C:/Users/Ankit/Desktop/stm32/github/RTOS/RTOS_workspace/common/ThirdParty/FreeRTOS" -I"C:/Users/Ankit/Desktop/stm32/RTOS_workspace/common/ThirdParty/FreeRTOS/portable/GCC/ARM_CM4F" -I"C:/Users/Ankit/Desktop/stm32/RTOS_workspace/common/ThirdParty/SEGGER/config" -I"C:/Users/Ankit/Desktop/stm32/RTOS_workspace/common/ThirdParty/SEGGER/OS" -I"C:/Users/Ankit/Desktop/stm32/RTOS_workspace/common/ThirdParty/SEGGER/SEGGER" -O0 -ffunction-sections -fdata-sections -Wall -fstack-usage -fcyclomatic-complexity -MMD -MP -MF"Drivers/STM32F4xx_HAL_Driver/Src/stm32f4xx_hal_flash.d" -MT"Drivers/STM32F4xx_HAL_Driver/Src/stm32f4xx_hal_flash.o" --specs=nano.specs -mfpu=fpv4-sp-d16 -mfloat-abi=hard -mthumb -o "Drivers/STM32F4xx_HAL_Driver/Src/stm32f4xx_hal_flash.o"
arm-none-eabi-gcc "../Drivers/STM32F4xx_HAL_Driver/Src/stm32f4xx_hal_flash_ex.c" -mcpu=cortex-m4 -std=gnu11 -g3 -DDEBUG -DUSE_HAL_DRIVER -DSTM32F407xx -c -I../Core/Inc -I../Drivers/STM32F4xx_HAL_Driver/Inc -I../Drivers/STM32F4xx_HAL_Driver/Inc/Legacy -I../Drivers/CMSIS/Device/ST/STM32F4xx/Include -I../Drivers/CMSIS/Include -I"C:/Users/Ankit/Desktop/stm32/RTOS_workspace/common/ThirdParty/FreeRTOS/include" -I"C:/Users/Ankit/Desktop/stm32/github/RTOS/RTOS_workspace/common/ThirdParty/FreeRTOS" -I"C:/Users/Ankit/Desktop/stm32/RTOS_workspace/common/ThirdParty/FreeRTOS/portable/GCC/ARM_CM4F" -I"C:/Users/Ankit/Desktop/stm32/RTOS_workspace/common/ThirdParty/SEGGER/config" -I"C:/Users/Ankit/Desktop/stm32/RTOS_workspace/common/ThirdParty/SEGGER/OS" -I"C:/Users/Ankit/Desktop/stm32/RTOS_workspace/common/ThirdParty/SEGGER/SEGGER" -O0 -ffunction-sections -fdata-sections -Wall -fstack-usage -fcyclomatic-complexity -MMD -MP -MF"Drivers/STM32F4xx_HAL_Driver/Src/stm32f4xx_hal_flash_ex.d" -MT"Drivers/STM32F4xx_HAL_Driver/Src/stm32f4xx_hal_flash_ex.o" --specs=nano.specs -mfpu=fpv4-sp-d16 -mfloat-abi=hard -mthumb -o "Drivers/STM32F4xx_HAL_Driver/Src/stm32f4xx_hal_flash_ex.o"
arm-none-eabi-gcc "../Drivers/STM32F4xx_HAL_Driver/Src/stm32f4xx_hal_flash_ramfunc.c" -mcpu=cortex-m4 -std=gnu11 -g3 -DDEBUG -DUSE_HAL_DRIVER -DSTM32F407xx -c -I../Core/Inc -I../Drivers/STM32F4xx_HAL_Driver/Inc -I../Drivers/STM32F4xx_HAL_Driver/Inc/Legacy -I../Drivers/CMSIS/Device/ST/STM32F4xx/Include -I../Drivers/CMSIS/Include -I"C:/Users/Ankit/Desktop/stm32/RTOS_workspace/common/ThirdParty/FreeRTOS/include" -I"C:/Users/Ankit/Desktop/stm32/github/RTOS/RTOS_workspace/common/ThirdParty/FreeRTOS" -I"C:/Users/Ankit/Desktop/stm32/RTOS_workspace/common/ThirdParty/FreeRTOS/portable/GCC/ARM_CM4F" -I"C:/Users/Ankit/Desktop/stm32/RTOS_workspace/common/ThirdParty/SEGGER/config" -I"C:/Users/Ankit/Desktop/stm32/RTOS_workspace/common/ThirdParty/SEGGER/OS" -I"C:/Users/Ankit/Desktop/stm32/RTOS_workspace/common/ThirdParty/SEGGER/SEGGER" -O0 -ffunction-sections -fdata-sections -Wall -fstack-usage -fcyclomatic-complexity -MMD -MP -MF"Drivers/STM32F4xx_HAL_Driver/Src/stm32f4xx_hal_flash_ramfunc.d" -MT"Drivers/STM32F4xx_HAL_Driver/Src/stm32f4xx_hal_flash_ramfunc.o" --specs=nano.specs -mfpu=fpv4-sp-d16 -mfloat-abi=hard -mthumb -o "Drivers/STM32F4xx_HAL_Driver/Src/stm32f4xx_hal_flash_ramfunc.o"
arm-none-eabi-gcc "../Drivers/STM32F4xx_HAL_Driver/Src/stm32f4xx_hal_gpio.c" -mcpu=cortex-m4 -std=gnu11 -g3 -DDEBUG -DUSE_HAL_DRIVER -DSTM32F407xx -c -I../Core/Inc -I../Drivers/STM32F4xx_HAL_Driver/Inc -I../Drivers/STM32F4xx_HAL_Driver/Inc/Legacy -I../Drivers/CMSIS/Device/ST/STM32F4xx/Include -I../Drivers/CMSIS/Include -I"C:/Users/Ankit/Desktop/stm32/RTOS_workspace/common/ThirdParty/FreeRTOS/include" -I"C:/Users/Ankit/Desktop/stm32/github/RTOS/RTOS_workspace/common/ThirdParty/FreeRTOS" -I"C:/Users/Ankit/Desktop/stm32/RTOS_workspace/common/ThirdParty/FreeRTOS/portable/GCC/ARM_CM4F" -I"C:/Users/Ankit/Desktop/stm32/RTOS_workspace/common/ThirdParty/SEGGER/config" -I"C:/Users/Ankit/Desktop/stm32/RTOS_workspace/common/ThirdParty/SEGGER/OS" -I"C:/Users/Ankit/Desktop/stm32/RTOS_workspace/common/ThirdParty/SEGGER/SEGGER" -O0 -ffunction-sections -fdata-sections -Wall -fstack-usage -fcyclomatic-complexity -MMD -MP -MF"Drivers/STM32F4xx_HAL_Driver/Src/stm32f4xx_hal_gpio.d" -MT"Drivers/STM32F4xx_HAL_Driver/Src/stm32f4xx_hal_gpio.o" --specs=nano.specs -mfpu=fpv4-sp-d16 -mfloat-abi=hard -mthumb -o "Drivers/STM32F4xx_HAL_Driver/Src/stm32f4xx_hal_gpio.o"
arm-none-eabi-gcc "../Drivers/STM32F4xx_HAL_Driver/Src/stm32f4xx_hal_pwr.c" -mcpu=cortex-m4 -std=gnu11 -g3 -DDEBUG -DUSE_HAL_DRIVER -DSTM32F407xx -c -I../Core/Inc -I../Drivers/STM32F4xx_HAL_Driver/Inc -I../Drivers/STM32F4xx_HAL_Driver/Inc/Legacy -I../Drivers/CMSIS/Device/ST/STM32F4xx/Include -I../Drivers/CMSIS/Include -I"C:/Users/Ankit/Desktop/stm32/RTOS_workspace/common/ThirdParty/FreeRTOS/include" -I"C:/Users/Ankit/Desktop/stm32/github/RTOS/RTOS_workspace/common/ThirdParty/FreeRTOS" -I"C:/Users/Ankit/Desktop/stm32/RTOS_workspace/common/ThirdParty/FreeRTOS/portable/GCC/ARM_CM4F" -I"C:/Users/Ankit/Desktop/stm32/RTOS_workspace/common/ThirdParty/SEGGER/config" -I"C:/Users/Ankit/Desktop/stm32/RTOS_workspace/common/ThirdParty/SEGGER/OS" -I"C:/Users/Ankit/Desktop/stm32/RTOS_workspace/common/ThirdParty/SEGGER/SEGGER" -O0 -ffunction-sections -fdata-sections -Wall -fstack-usage -fcyclomatic-complexity -MMD -MP -MF"Drivers/STM32F4xx_HAL_Driver/Src/stm32f4xx_hal_pwr.d" -MT"Drivers/STM32F4xx_HAL_Driver/Src/stm32f4xx_hal_pwr.o" --specs=nano.specs -mfpu=fpv4-sp-d16 -mfloat-abi=hard -mthumb -o "Drivers/STM32F4xx_HAL_Driver/Src/stm32f4xx_hal_pwr.o"
arm-none-eabi-gcc "../Drivers/STM32F4xx_HAL_Driver/Src/stm32f4xx_hal_pwr_ex.c" -mcpu=cortex-m4 -std=gnu11 -g3 -DDEBUG -DUSE_HAL_DRIVER -DSTM32F407xx -c -I../Core/Inc -I../Drivers/STM32F4xx_HAL_Driver/Inc -I../Drivers/STM32F4xx_HAL_Driver/Inc/Legacy -I../Drivers/CMSIS/Device/ST/STM32F4xx/Include -I../Drivers/CMSIS/Include -I"C:/Users/Ankit/Desktop/stm32/RTOS_workspace/common/ThirdParty/FreeRTOS/include" -I"C:/Users/Ankit/Desktop/stm32/github/RTOS/RTOS_workspace/common/ThirdParty/FreeRTOS" -I"C:/Users/Ankit/Desktop/stm32/RTOS_workspace/common/ThirdParty/FreeRTOS/portable/GCC/ARM_CM4F" -I"C:/Users/Ankit/Desktop/stm32/RTOS_workspace/common/ThirdParty/SEGGER/config" -I"C:/Users/Ankit/Desktop/stm32/RTOS_workspace/common/ThirdParty/SEGGER/OS" -I"C:/Users/Ankit/Desktop/stm32/RTOS_workspace/common/ThirdParty/SEGGER/SEGGER" -O0 -ffunction-sections -fdata-sections -Wall -fstack-usage -fcyclomatic-complexity -MMD -MP -MF"Drivers/STM32F4xx_HAL_Driver/Src/stm32f4xx_hal_pwr_ex.d" -MT"Drivers/STM32F4xx_HAL_Driver/Src/stm32f4xx_hal_pwr_ex.o" --specs=nano.specs -mfpu=fpv4-sp-d16 -mfloat-abi=hard -mthumb -o "Drivers/STM32F4xx_HAL_Driver/Src/stm32f4xx_hal_pwr_ex.o"
arm-none-eabi-gcc "../Drivers/STM32F4xx_HAL_Driver/Src/stm32f4xx_hal_rcc.c" -mcpu=cortex-m4 -std=gnu11 -g3 -DDEBUG -DUSE_HAL_DRIVER -DSTM32F407xx -c -I../Core/Inc -I../Drivers/STM32F4xx_HAL_Driver/Inc -I../Drivers/STM32F4xx_HAL_Driver/Inc/Legacy -I../Drivers/CMSIS/Device/ST/STM32F4xx/Include -I../Drivers/CMSIS/Include -I"C:/Users/Ankit/Desktop/stm32/RTOS_workspace/common/ThirdParty/FreeRTOS/include" -I"C:/Users/Ankit/Desktop/stm32/github/RTOS/RTOS_workspace/common/ThirdParty/FreeRTOS" -I"C:/Users/Ankit/Desktop/stm32/RTOS_workspace/common/ThirdParty/FreeRTOS/portable/GCC/ARM_CM4F" -I"C:/Users/Ankit/Desktop/stm32/RTOS_workspace/common/ThirdParty/SEGGER/config" -I"C:/Users/Ankit/Desktop/stm32/RTOS_workspace/common/ThirdParty/SEGGER/OS" -I"C:/Users/Ankit/Desktop/stm32/RTOS_workspace/common/ThirdParty/SEGGER/SEGGER" -O0 -ffunction-sections -fdata-sections -Wall -fstack-usage -fcyclomatic-complexity -MMD -MP -MF"Drivers/STM32F4xx_HAL_Driver/Src/stm32f4xx_hal_rcc.d" -MT"Drivers/STM32F4xx_HAL_Driver/Src/stm32f4xx_hal_rcc.o" --specs=nano.specs -mfpu=fpv4-sp-d16 -mfloat-abi=hard -mthumb -o "Drivers/STM32F4xx_HAL_Driver/Src/stm32f4xx_hal_rcc.o"
arm-none-eabi-gcc "../Drivers/STM32F4xx_HAL_Driver/Src/stm32f4xx_hal_rcc_ex.c" -mcpu=cortex-m4 -std=gnu11 -g3 -DDEBUG -DUSE_HAL_DRIVER -DSTM32F407xx -c -I../Core/Inc -I../Drivers/STM32F4xx_HAL_Driver/Inc -I../Drivers/STM32F4xx_HAL_Driver/Inc/Legacy -I../Drivers/CMSIS/Device/ST/STM32F4xx/Include -I../Drivers/CMSIS/Include -I"C:/Users/Ankit/Desktop/stm32/RTOS_workspace/common/ThirdParty/FreeRTOS/include" -I"C:/Users/Ankit/Desktop/stm32/github/RTOS/RTOS_workspace/common/ThirdParty/FreeRTOS" -I"C:/Users/Ankit/Desktop/stm32/RTOS_workspace/common/ThirdParty/FreeRTOS/portable/GCC/ARM_CM4F" -I"C:/Users/Ankit/Desktop/stm32/RTOS_workspace/common/ThirdParty/SEGGER/config" -I"C:/Users/Ankit/Desktop/stm32/RTOS_workspace/common/ThirdParty/SEGGER/OS" -I"C:/Users/Ankit/Desktop/stm32/RTOS_workspace/common/ThirdParty/SEGGER/SEGGER" -O0 -ffunction-sections -fdata-sections -Wall -fstack-usage -fcyclomatic-complexity -MMD -MP -MF"Drivers/STM32F4xx_HAL_Driver/Src/stm32f4xx_hal_rcc_ex.d" -MT"Drivers/STM32F4xx_HAL_Driver/Src/stm32f4xx_hal_rcc_ex.o" --specs=nano.specs -mfpu=fpv4-sp-d16 -mfloat-abi=hard -mthumb -o "Drivers/STM32F4xx_HAL_Driver/Src/stm32f4xx_hal_rcc_ex.o"
arm-none-eabi-gcc "../Drivers/STM32F4xx_HAL_Driver/Src/stm32f4xx_hal_rtc.c" -mcpu=cortex-m4 -std=gnu11 -g3 -DDEBUG -DUSE_HAL_DRIVER -DSTM32F407xx -c -I../Core/Inc -I../Drivers/STM32F4xx_HAL_Driver/Inc -I../Drivers/STM32F4xx_HAL_Driver/Inc/Legacy -I../Drivers/CMSIS/Device/ST/STM32F4xx/Include -I../Drivers/CMSIS/Include -I"C:/Users/Ankit/Desktop/stm32/RTOS_workspace/common/ThirdParty/FreeRTOS/include" -I"C:/Users/Ankit/Desktop/stm32/github/RTOS/RTOS_workspace/common/ThirdParty/FreeRTOS" -I"C:/Users/Ankit/Desktop/stm32/RTOS_workspace/common/ThirdParty/FreeRTOS/portable/GCC/ARM_CM4F" -I"C:/Users/Ankit/Desktop/stm32/RTOS_workspace/common/ThirdParty/SEGGER/config" -I"C:/Users/Ankit/Desktop/stm32/RTOS_workspace/common/ThirdParty/SEGGER/OS" -I"C:/Users/Ankit/Desktop/stm32/RTOS_workspace/common/ThirdParty/SEGGER/SEGGER" -O0 -ffunction-sections -fdata-sections -Wall -fstack-usage -fcyclomatic-complexity -MMD -MP -MF"Drivers/STM32F4xx_HAL_Driver/Src/stm32f4xx_hal_rtc.d" -MT"Drivers/STM32F4xx_HAL_Driver/Src/stm32f4xx_hal_rtc.o" --specs=nano.specs -mfpu=fpv4-sp-d16 -mfloat-abi=hard -mthumb -o "Drivers/STM32F4xx_HAL_Driver/Src/stm32f4xx_hal_rtc.o"
arm-none-eabi-gcc "../Drivers/STM32F4xx_HAL_Driver/Src/stm32f4xx_hal_rtc_ex.c" -mcpu=cortex-m4 -std=gnu11 -g3 -DDEBUG -DUSE_HAL_DRIVER -DSTM32F407xx -c -I../Core/Inc -I../Drivers/STM32F4xx_HAL_Driver/Inc -I../Drivers/STM32F4xx_HAL_Driver/Inc/Legacy -I../Drivers/CMSIS/Device/ST/STM32F4xx/Include -I../Drivers/CMSIS/Include -I"C:/Users/Ankit/Desktop/stm32/RTOS_workspace/common/ThirdParty/FreeRTOS/include" -I"C:/Users/Ankit/Desktop/stm32/github/RTOS/RTOS_workspace/common/ThirdParty/FreeRTOS" -I"C:/Users/Ankit/Desktop/stm32/RTOS_workspace/common/ThirdParty/FreeRTOS/portable/GCC/ARM_CM4F" -I"C:/Users/Ankit/Desktop/stm32/RTOS_workspace/common/ThirdParty/SEGGER/config" -I"C:/Users/Ankit/Desktop/stm32/RTOS_workspace/common/ThirdParty/SEGGER/OS" -I"C:/Users/Ankit/Desktop/stm32/RTOS_workspace/common/ThirdParty/SEGGER/SEGGER" -O0 -ffunction-sections -fdata-sections -Wall -fstack-usage -fcyclomatic-complexity -MMD -MP -MF"Drivers/STM32F4xx_HAL_Driver/Src/stm32f4xx_hal_rtc_ex.d" -MT"Drivers/STM32F4xx_HAL_Driver/Src/stm32f4xx_hal_rtc_ex.o" --specs=nano.specs -mfpu=fpv4-sp-d16 -mfloat-abi=hard -mthumb -o "Drivers/STM32F4xx_HAL_Driver/Src/stm32f4xx_hal_rtc_ex.o"
arm-none-eabi-gcc "../Drivers/STM32F4xx_HAL_Driver/Src/stm32f4xx_hal_tim.c" -mcpu=cortex-m4 -std=gnu11 -g3 -DDEBUG -DUSE_HAL_DRIVER -DSTM32F407xx -c -I../Core/Inc -I../Drivers/STM32F4xx_HAL_Driver/Inc -I../Drivers/STM32F4xx_HAL_Driver/Inc/Legacy -I../Drivers/CMSIS/Device/ST/STM32F4xx/Include -I../Drivers/CMSIS/Include -I"C:/Users/Ankit/Desktop/stm32/RTOS_workspace/common/ThirdParty/FreeRTOS/include" -I"C:/Users/Ankit/Desktop/stm32/github/RTOS/RTOS_workspace/common/ThirdParty/FreeRTOS" -I"C:/Users/Ankit/Desktop/stm32/RTOS_workspace/common/ThirdParty/FreeRTOS/portable/GCC/ARM_CM4F" -I"C:/Users/Ankit/Desktop/stm32/RTOS_workspace/common/ThirdParty/SEGGER/config" -I"C:/Users/Ankit/Desktop/stm32/RTOS_workspace/common/ThirdParty/SEGGER/OS" -I"C:/Users/Ankit/Desktop/stm32/RTOS_workspace/common/ThirdParty/SEGGER/SEGGER" -O0 -ffunction-sections -fdata-sections -Wall -fstack-usage -fcyclomatic-complexity -MMD -MP -MF"Drivers/STM32F4xx_HAL_Driver/Src/stm32f4xx_hal_tim.d" -MT"Drivers/STM32F4xx_HAL_Driver/Src/stm32f4xx_hal_tim.o" --specs=nano.specs -mfpu=fpv4-sp-d16 -mfloat-abi=hard -mthumb -o "Drivers/STM32F4xx_HAL_Driver/Src/stm32f4xx_hal_tim.o"
arm-none-eabi-gcc "../Drivers/STM32F4xx_HAL_Driver/Src/stm32f4xx_hal_tim_ex.c" -mcpu=cortex-m4 -std=gnu11 -g3 -DDEBUG -DUSE_HAL_DRIVER -DSTM32F407xx -c -I../Core/Inc -I../Drivers/STM32F4xx_HAL_Driver/Inc -I../Drivers/STM32F4xx_HAL_Driver/Inc/Legacy -I../Drivers/CMSIS/Device/ST/STM32F4xx/Include -I../Drivers/CMSIS/Include -I"C:/Users/Ankit/Desktop/stm32/RTOS_workspace/common/ThirdParty/FreeRTOS/include" -I"C:/Users/Ankit/Desktop/stm32/github/RTOS/RTOS_workspace/common/ThirdParty/FreeRTOS" -I"C:/Users/Ankit/Desktop/stm32/RTOS_workspace/common/ThirdParty/FreeRTOS/portable/GCC/ARM_CM4F" -I"C:/Users/Ankit/Desktop/stm32/RTOS_workspace/common/ThirdParty/SEGGER/config" -I"C:/Users/Ankit/Desktop/stm32/RTOS_workspace/common/ThirdParty/SEGGER/OS" -I"C:/Users/Ankit/Desktop/stm32/RTOS_workspace/common/ThirdParty/SEGGER/SEGGER" -O0 -ffunction-sections -fdata-sections -Wall -fstack-usage -fcyclomatic-complexity -MMD -MP -MF"Drivers/STM32F4xx_HAL_Driver/Src/stm32f4xx_hal_tim_ex.d" -MT"Drivers/STM32F4xx_HAL_Driver/Src/stm32f4xx_hal_tim_ex.o" --specs=nano.specs -mfpu=fpv4-sp-d16 -mfloat-abi=hard -mthumb -o "Drivers/STM32F4xx_HAL_Driver/Src/stm32f4xx_hal_tim_ex.o"
arm-none-eabi-gcc "../Drivers/STM32F4xx_HAL_Driver/Src/stm32f4xx_hal_uart.c" -mcpu=cortex-m4 -std=gnu11 -g3 -DDEBUG -DUSE_HAL_DRIVER -DSTM32F407xx -c -I../Core/Inc -I../Drivers/STM32F4xx_HAL_Driver/Inc -I../Drivers/STM32F4xx_HAL_Driver/Inc/Legacy -I../Drivers/CMSIS/Device/ST/STM32F4xx/Include -I../Drivers/CMSIS/Include -I"C:/Users/Ankit/Desktop/stm32/RTOS_workspace/common/ThirdParty/FreeRTOS/include" -I"C:/Users/Ankit/Desktop/stm32/github/RTOS/RTOS_workspace/common/ThirdParty/FreeRTOS" -I"C:/Users/Ankit/Desktop/stm32/RTOS_workspace/common/ThirdParty/FreeRTOS/portable/GCC/ARM_CM4F" -I"C:/Users/Ankit/Desktop/stm32/RTOS_workspace/common/ThirdParty/SEGGER/config" -I"C:/Users/Ankit/Desktop/stm32/RTOS_workspace/common/ThirdParty/SEGGER/OS" -I"C:/Users/Ankit/Desktop/stm32/RTOS_workspace/common/ThirdParty/SEGGER/SEGGER" -O0 -ffunction-sections -fdata-sections -Wall -fstack-usage -fcyclomatic-complexity -MMD -MP -MF"Drivers/STM32F4xx_HAL_Driver/Src/stm32f4xx_hal_uart.d" -MT"Drivers/STM32F4xx_HAL_Driver/Src/stm32f4xx_hal_uart.o" --specs=nano.specs -mfpu=fpv4-sp-d16 -mfloat-abi=hard -mthumb -o "Drivers/STM32F4xx_HAL_Driver/Src/stm32f4xx_hal_uart.o"
arm-none-eabi-gcc -mcpu=cortex-m4 -g3 -DDEBUG -c -I"C:/Users/Ankit/Desktop/stm32/RTOS_workspace/common/ThirdParty/SEGGER/SEGGER" -I"C:/Users/Ankit/Desktop/stm32/RTOS_workspace/common/ThirdParty/SEGGER/config" -x assembler-with-cpp -MMD -MP -MF"Core/Startup/startup_stm32f407vgtx.d" -MT"Core/Startup/startup_stm32f407vgtx.o" --specs=nano.specs -mfpu=fpv4-sp-d16 -mfloat-abi=hard -mthumb -o "Core/Startup/startup_stm32f407vgtx.o" "../Core/Startup/startup_stm32f407vgtx.s"
arm-none-eabi-gcc "../Core/Src/led_effects.c" -mcpu=cortex-m4 -std=gnu11 -g3 -DDEBUG -DUSE_HAL_DRIVER -DSTM32F407xx -c -I../Core/Inc -I../Drivers/STM32F4xx_HAL_Driver/Inc -I../Drivers/STM32F4xx_HAL_Driver/Inc/Legacy -I../Drivers/CMSIS/Device/ST/STM32F4xx/Include -I../Drivers/CMSIS/Include -I"C:/Users/Ankit/Desktop/stm32/RTOS_workspace/common/ThirdParty/FreeRTOS/include" -I"C:/Users/Ankit/Desktop/stm32/github/RTOS/RTOS_workspace/common/ThirdParty/FreeRTOS" -I"C:/Users/Ankit/Desktop/stm32/RTOS_workspace/common/ThirdParty/FreeRTOS/portable/GCC/ARM_CM4F" -I"C:/Users/Ankit/Desktop/stm32/RTOS_workspace/common/ThirdParty/SEGGER/config" -I"C:/Users/Ankit/Desktop/stm32/RTOS_workspace/common/ThirdParty/SEGGER/OS" -I"C:/Users/Ankit/Desktop/stm32/RTOS_workspace/common/ThirdParty/SEGGER/SEGGER" -O0 -ffunction-sections -fdata-sections -Wall -fstack-usage -fcyclomatic-complexity -MMD -MP -MF"Core/Src/led_effects.d" -MT"Core/Src/led_effects.o" --specs=nano.specs -mfpu=fpv4-sp-d16 -mfloat-abi=hard -mthumb -o "Core/Src/led_effects.o"
arm-none-eabi-gcc "../Core/Src/main.c" -mcpu=cortex-m4 -std=gnu11 -g3 -DDEBUG -DUSE_HAL_DRIVER -DSTM32F407xx -c -I../Core/Inc -I../Drivers/STM32F4xx_HAL_Driver/Inc -I../Drivers/STM32F4xx_HAL_Driver/Inc/Legacy -I../Drivers/CMSIS/Device/ST/STM32F4xx/Include -I../Drivers/CMSIS/Include -I"C:/Users/Ankit/Desktop/stm32/RTOS_workspace/common/ThirdParty/FreeRTOS/include" -I"C:/Users/Ankit/Desktop/stm32/github/RTOS/RTOS_workspace/common/ThirdParty/FreeRTOS" -I"C:/Users/Ankit/Desktop/stm32/RTOS_workspace/common/ThirdParty/FreeRTOS/portable/GCC/ARM_CM4F" -I"C:/Users/Ankit/Desktop/stm32/RTOS_workspace/common/ThirdParty/SEGGER/config" -I"C:/Users/Ankit/Desktop/stm32/RTOS_workspace/common/ThirdParty/SEGGER/OS" -I"C:/Users/Ankit/Desktop/stm32/RTOS_workspace/common/ThirdParty/SEGGER/SEGGER" -O0 -ffunction-sections -fdata-sections -Wall -fstack-usage -fcyclomatic-complexity -MMD -MP -MF"Core/Src/main.d" -MT"Core/Src/main.o" --specs=nano.specs -mfpu=fpv4-sp-d16 -mfloat-abi=hard -mthumb -o "Core/Src/main.o"
arm-none-eabi-gcc "../Core/Src/rtc.c" -mcpu=cortex-m4 -std=gnu11 -g3 -DDEBUG -DUSE_HAL_DRIVER -DSTM32F407xx -c -I../Core/Inc -I../Drivers/STM32F4xx_HAL_Driver/Inc -I../Drivers/STM32F4xx_HAL_Driver/Inc/Legacy -I../Drivers/CMSIS/Device/ST/STM32F4xx/Include -I../Drivers/CMSIS/Include -I"C:/Users/Ankit/Desktop/stm32/RTOS_workspace/common/ThirdParty/FreeRTOS/include" -I"C:/Users/Ankit/Desktop/stm32/github/RTOS/RTOS_workspace/common/ThirdParty/FreeRTOS" -I"C:/Users/Ankit/Desktop/stm32/RTOS_workspace/common/ThirdParty/FreeRTOS/portable/GCC/ARM_CM4F" -I"C:/Users/Ankit/Desktop/stm32/RTOS_workspace/common/ThirdParty/SEGGER/config" -I"C:/Users/Ankit/Desktop/stm32/RTOS_workspace/common/ThirdParty/SEGGER/OS" -I"C:/Users/Ankit/Desktop/stm32/RTOS_workspace/common/ThirdParty/SEGGER/SEGGER" -O0 -ffunction-sections -fdata-sections -Wall -fstack-usage -fcyclomatic-complexity -MMD -MP -MF"Core/Src/rtc.d" -MT"Core/Src/rtc.o" --specs=nano.specs -mfpu=fpv4-sp-d16 -mfloat-abi=hard -mthumb -o "Core/Src/rtc.o"
arm-none-eabi-gcc "../Core/Src/stm32f4xx_hal_msp.c" -mcpu=cortex-m4 -std=gnu11 -g3 -DDEBUG -DUSE_HAL_DRIVER -DSTM32F407xx -c -I../Core/Inc -I../Drivers/STM32F4xx_HAL_Driver/Inc -I../Drivers/STM32F4xx_HAL_Driver/Inc/Legacy -I../Drivers/CMSIS/Device/ST/STM32F4xx/Include -I../Drivers/CMSIS/Include -I"C:/Users/Ankit/Desktop/stm32/RTOS_workspace/common/ThirdParty/FreeRTOS/include" -I"C:/Users/Ankit/Desktop/stm32/github/RTOS/RTOS_workspace/common/ThirdParty/FreeRTOS" -I"C:/Users/Ankit/Desktop/stm32/RTOS_workspace/common/ThirdParty/FreeRTOS/portable/GCC/ARM_CM4F" -I"C:/Users/Ankit/Desktop/stm32/RTOS_workspace/common/ThirdParty/SEGGER/config" -I"C:/Users/Ankit/Desktop/stm32/RTOS_workspace/common/ThirdParty/SEGGER/OS" -I"C:/Users/Ankit/Desktop/stm32/RTOS_workspace/common/ThirdParty/SEGGER/SEGGER" -O0 -ffunction-sections -fdata-sections -Wall -fstack-usage -fcyclomatic-complexity -MMD -MP -MF"Core/Src/stm32f4xx_hal_msp.d" -MT"Core/Src/stm32f4xx_hal_msp.o" --specs=nano.specs -mfpu=fpv4-sp-d16 -mfloat-abi=hard -mthumb -o "Core/Src/stm32f4xx_hal_msp.o"
arm-none-eabi-gcc "../Core/Src/stm32f4xx_hal_timebase_tim.c" -mcpu=cortex-m4 -std=gnu11 -g3 -DDEBUG -DUSE_HAL_DRIVER -DSTM32F407xx -c -I../Core/Inc -I../Drivers/STM32F4xx_HAL_Driver/Inc -I../Drivers/STM32F4xx_HAL_Driver/Inc/Legacy -I../Drivers/CMSIS/Device/ST/STM32F4xx/Include -I../Drivers/CMSIS/Include -I"C:/Users/Ankit/Desktop/stm32/RTOS_workspace/common/ThirdParty/FreeRTOS/include" -I"C:/Users/Ankit/Desktop/stm32/github/RTOS/RTOS_workspace/common/ThirdParty/FreeRTOS" -I"C:/Users/Ankit/Desktop/stm32/RTOS_workspace/common/ThirdParty/FreeRTOS/portable/GCC/ARM_CM4F" -I"C:/Users/Ankit/Desktop/stm32/RTOS_workspace/common/ThirdParty/SEGGER/config" -I"C:/Users/Ankit/Desktop/stm32/RTOS_workspace/common/ThirdParty/SEGGER/OS" -I"C:/Users/Ankit/Desktop/stm32/RTOS_workspace/common/ThirdParty/SEGGER/SEGGER" -O0 -ffunction-sections -fdata-sections -Wall -fstack-usage -fcyclomatic-complexity -MMD -MP -MF"Core/Src/stm32f4xx_hal_timebase_tim.d" -MT"Core/Src/stm32f4xx_hal_timebase_tim.o" --specs=nano.specs -mfpu=fpv4-sp-d16 -mfloat-abi=hard -mthumb -o "Core/Src/stm32f4xx_hal_timebase_tim.o"
arm-none-eabi-gcc "../Core/Src/stm32f4xx_it.c" -mcpu=cortex-m4 -std=gnu11 -g3 -DDEBUG -DUSE_HAL_DRIVER -DSTM32F407xx -c -I../Core/Inc -I../Drivers/STM32F4xx_HAL_Driver/Inc -I../Drivers/STM32F4xx_HAL_Driver/Inc/Legacy -I../Drivers/CMSIS/Device/ST/STM32F4xx/Include -I../Drivers/CMSIS/Include -I"C:/Users/Ankit/Desktop/stm32/RTOS_workspace/common/ThirdParty/FreeRTOS/include" -I"C:/Users/Ankit/Desktop/stm32/github/RTOS/RTOS_workspace/common/ThirdParty/FreeRTOS" -I"C:/Users/Ankit/Desktop/stm32/RTOS_workspace/common/ThirdParty/FreeRTOS/portable/GCC/ARM_CM4F" -I"C:/Users/Ankit/Desktop/stm32/RTOS_workspace/common/ThirdParty/SEGGER/config" -I"C:/Users/Ankit/Desktop/stm32/RTOS_workspace/common/ThirdParty/SEGGER/OS" -I"C:/Users/Ankit/Desktop/stm32/RTOS_workspace/common/ThirdParty/SEGGER/SEGGER" -O0 -ffunction-sections -fdata-sections -Wall -fstack-usage -fcyclomatic-complexity -MMD -MP -MF"Core/Src/stm32f4xx_it.d" -MT"Core/Src/stm32f4xx_it.o" --specs=nano.specs -mfpu=fpv4-sp-d16 -mfloat-abi=hard -mthumb -o "Core/Src/stm32f4xx_it.o"
arm-none-eabi-gcc "../Core/Src/syscalls.c" -mcpu=cortex-m4 -std=gnu11 -g3 -DDEBUG -DUSE_HAL_DRIVER -DSTM32F407xx -c -I../Core/Inc -I../Drivers/STM32F4xx_HAL_Driver/Inc -I../Drivers/STM32F4xx_HAL_Driver/Inc/Legacy -I../Drivers/CMSIS/Device/ST/STM32F4xx/Include -I../Drivers/CMSIS/Include -I"C:/Users/Ankit/Desktop/stm32/RTOS_workspace/common/ThirdParty/FreeRTOS/include" -I"C:/Users/Ankit/Desktop/stm32/github/RTOS/RTOS_workspace/common/ThirdParty/FreeRTOS" -I"C:/Users/Ankit/Desktop/stm32/RTOS_workspace/common/ThirdParty/FreeRTOS/portable/GCC/ARM_CM4F" -I"C:/Users/Ankit/Desktop/stm32/RTOS_workspace/common/ThirdParty/SEGGER/config" -I"C:/Users/Ankit/Desktop/stm32/RTOS_workspace/common/ThirdParty/SEGGER/OS" -I"C:/Users/Ankit/Desktop/stm32/RTOS_workspace/common/ThirdParty/SEGGER/SEGGER" -O0 -ffunction-sections -fdata-sections -Wall -fstack-usage -fcyclomatic-complexity -MMD -MP -MF"Core/Src/syscalls.d" -MT"Core/Src/syscalls.o" --specs=nano.specs -mfpu=fpv4-sp-d16 -mfloat-abi=hard -mthumb -o "Core/Src/syscalls.o"
arm-none-eabi-gcc "../Core/Src/sysmem.c" -mcpu=cortex-m4 -std=gnu11 -g3 -DDEBUG -DUSE_HAL_DRIVER -DSTM32F407xx -c -I../Core/Inc -I../Drivers/STM32F4xx_HAL_Driver/Inc -I../Drivers/STM32F4xx_HAL_Driver/Inc/Legacy -I../Drivers/CMSIS/Device/ST/STM32F4xx/Include -I../Drivers/CMSIS/Include -I"C:/Users/Ankit/Desktop/stm32/RTOS_workspace/common/ThirdParty/FreeRTOS/include" -I"C:/Users/Ankit/Desktop/stm32/github/RTOS/RTOS_workspace/common/ThirdParty/FreeRTOS" -I"C:/Users/Ankit/Desktop/stm32/RTOS_workspace/common/ThirdParty/FreeRTOS/portable/GCC/ARM_CM4F" -I"C:/Users/Ankit/Desktop/stm32/RTOS_workspace/common/ThirdParty/SEGGER/config" -I"C:/Users/Ankit/Desktop/stm32/RTOS_workspace/common/ThirdParty/SEGGER/OS" -I"C:/Users/Ankit/Desktop/stm32/RTOS_workspace/common/ThirdParty/SEGGER/SEGGER" -O0 -ffunction-sections -fdata-sections -Wall -fstack-usage -fcyclomatic-complexity -MMD -MP -MF"Core/Src/sysmem.d" -MT"Core/Src/sysmem.o" --specs=nano.specs -mfpu=fpv4-sp-d16 -mfloat-abi=hard -mthumb -o "Core/Src/sysmem.o"
arm-none-eabi-gcc "../Core/Src/system_stm32f4xx.c" -mcpu=cortex-m4 -std=gnu11 -g3 -DDEBUG -DUSE_HAL_DRIVER -DSTM32F407xx -c -I../Core/Inc -I../Drivers/STM32F4xx_HAL_Driver/Inc -I../Drivers/STM32F4xx_HAL_Driver/Inc/Legacy -I../Drivers/CMSIS/Device/ST/STM32F4xx/Include -I../Drivers/CMSIS/Include -I"C:/Users/Ankit/Desktop/stm32/RTOS_workspace/common/ThirdParty/FreeRTOS/include" -I"C:/Users/Ankit/Desktop/stm32/github/RTOS/RTOS_workspace/common/ThirdParty/FreeRTOS" -I"C:/Users/Ankit/Desktop/stm32/RTOS_workspace/common/ThirdParty/FreeRTOS/portable/GCC/ARM_CM4F" -I"C:/Users/Ankit/Desktop/stm32/RTOS_workspace/common/ThirdParty/SEGGER/config" -I"C:/Users/Ankit/Desktop/stm32/RTOS_workspace/common/ThirdParty/SEGGER/OS" -I"C:/Users/Ankit/Desktop/stm32/RTOS_workspace/common/ThirdParty/SEGGER/SEGGER" -O0 -ffunction-sections -fdata-sections -Wall -fstack-usage -fcyclomatic-complexity -MMD -MP -MF"Core/Src/system_stm32f4xx.d" -MT"Core/Src/system_stm32f4xx.o" --specs=nano.specs -mfpu=fpv4-sp-d16 -mfloat-abi=hard -mthumb -o "Core/Src/system_stm32f4xx.o"
arm-none-eabi-gcc "../Core/Src/task_handler.c" -mcpu=cortex-m4 -std=gnu11 -g3 -DDEBUG -DUSE_HAL_DRIVER -DSTM32F407xx -c -I../Core/Inc -I../Drivers/STM32F4xx_HAL_Driver/Inc -I../Drivers/STM32F4xx_HAL_Driver/Inc/Legacy -I../Drivers/CMSIS/Device/ST/STM32F4xx/Include -I../Drivers/CMSIS/Include -I"C:/Users/Ankit/Desktop/stm32/RTOS_workspace/common/ThirdParty/FreeRTOS/include" -I"C:/Users/Ankit/Desktop/stm32/github/RTOS/RTOS_workspace/common/ThirdParty/FreeRTOS" -I"C:/Users/Ankit/Desktop/stm32/RTOS_workspace/common/ThirdParty/FreeRTOS/portable/GCC/ARM_CM4F" -I"C:/Users/Ankit/Desktop/stm32/RTOS_workspace/common/ThirdParty/SEGGER/config" -I"C:/Users/Ankit/Desktop/stm32/RTOS_workspace/common/ThirdParty/SEGGER/OS" -I"C:/Users/Ankit/Desktop/stm32/RTOS_workspace/common/ThirdParty/SEGGER/SEGGER" -O0 -ffunction-sections -fdata-sections -Wall -fstack-usage -fcyclomatic-complexity -MMD -MP -MF"Core/Src/task_handler.d" -MT"Core/Src/task_handler.o" --specs=nano.specs -mfpu=fpv4-sp-d16 -mfloat-abi=hard -mthumb -o "Core/Src/task_handler.o"
../Core/Src/task_handler.c: In function 'rtc_task':
../Core/Src/task_handler.c:272:25: warning: enumeration value 'sMainMenu' not handled in switch [-Wswitch]
  272 |                         switch(curr_state)
      |                         ^~~~~~
../Core/Src/task_handler.c:272:25: warning: enumeration value 'sLedEffect' not handled in switch [-Wswitch]
arm-none-eabi-gcc -o "FreeRTOS8Task_queue.elf" @"objects.list"   -mcpu=cortex-m4 -T"C:\Users\Ankit\Desktop\stm32\RTOS_git_workspace\FreeRTOS8Task_queue\STM32F407VGTX_FLASH.ld" --specs=nosys.specs -Wl,-Map="FreeRTOS8Task_queue.map" -Wl,--gc-sections -static --specs=nano.specs -mfpu=fpv4-sp-d16 -mfloat-abi=hard -mthumb -Wl,--start-group -lc -lm -Wl,--end-group
Finished building target: FreeRTOS8Task_queue.elf
 
arm-none-eabi-size   FreeRTOS8Task_queue.elf 
arm-none-eabi-objdump -h -S  FreeRTOS8Task_queue.elf  > "FreeRTOS8Task_queue.list"
   text	   data	    bss	    dec	    hex	filename
  37604	    140	 105044	 142788	  22dc4	FreeRTOS8Task_queue.elf
Finished building: default.size.stdout
 
Finished building: FreeRTOS8Task_queue.list
 

13:42:08 Build Finished. 0 errors, 2 warnings. (took 8s.782ms)

