Archive member included to satisfy reference by file (symbol)

C:/ST/STM32CubeIDE_1.13.1/STM32CubeIDE/plugins/com.st.stm32cube.ide.mcu.externaltools.gnu-tools-for-stm32.11.3.rel1.win32_1.1.0.202305231506/tools/bin/../lib/gcc/arm-none-eabi/11.3.1/../../../../arm-none-eabi/lib/thumb/v7e-m+fp/hard\libc_nano.a(libc_a-exit.o)
                              C:/ST/STM32CubeIDE_1.13.1/STM32CubeIDE/plugins/com.st.stm32cube.ide.mcu.externaltools.gnu-tools-for-stm32.11.3.rel1.win32_1.1.0.202305231506/tools/bin/../lib/gcc/arm-none-eabi/11.3.1/../../../../arm-none-eabi/lib/thumb/v7e-m+fp/hard/crt0.o (exit)
C:/ST/STM32CubeIDE_1.13.1/STM32CubeIDE/plugins/com.st.stm32cube.ide.mcu.externaltools.gnu-tools-for-stm32.11.3.rel1.win32_1.1.0.202305231506/tools/bin/../lib/gcc/arm-none-eabi/11.3.1/../../../../arm-none-eabi/lib/thumb/v7e-m+fp/hard\libc_nano.a(libc_a-findfp.o)
                              C:/ST/STM32CubeIDE_1.13.1/STM32CubeIDE/plugins/com.st.stm32cube.ide.mcu.externaltools.gnu-tools-for-stm32.11.3.rel1.win32_1.1.0.202305231506/tools/bin/../lib/gcc/arm-none-eabi/11.3.1/../../../../arm-none-eabi/lib/thumb/v7e-m+fp/hard\libc_nano.a(libc_a-exit.o) (__stdio_exit_handler)
C:/ST/STM32CubeIDE_1.13.1/STM32CubeIDE/plugins/com.st.stm32cube.ide.mcu.externaltools.gnu-tools-for-stm32.11.3.rel1.win32_1.1.0.202305231506/tools/bin/../lib/gcc/arm-none-eabi/11.3.1/../../../../arm-none-eabi/lib/thumb/v7e-m+fp/hard\libc_nano.a(libc_a-fwalk.o)
                              C:/ST/STM32CubeIDE_1.13.1/STM32CubeIDE/plugins/com.st.stm32cube.ide.mcu.externaltools.gnu-tools-for-stm32.11.3.rel1.win32_1.1.0.202305231506/tools/bin/../lib/gcc/arm-none-eabi/11.3.1/../../../../arm-none-eabi/lib/thumb/v7e-m+fp/hard\libc_nano.a(libc_a-findfp.o) (_fwalk_sglue)
C:/ST/STM32CubeIDE_1.13.1/STM32CubeIDE/plugins/com.st.stm32cube.ide.mcu.externaltools.gnu-tools-for-stm32.11.3.rel1.win32_1.1.0.202305231506/tools/bin/../lib/gcc/arm-none-eabi/11.3.1/../../../../arm-none-eabi/lib/thumb/v7e-m+fp/hard\libc_nano.a(libc_a-stdio.o)
                              C:/ST/STM32CubeIDE_1.13.1/STM32CubeIDE/plugins/com.st.stm32cube.ide.mcu.externaltools.gnu-tools-for-stm32.11.3.rel1.win32_1.1.0.202305231506/tools/bin/../lib/gcc/arm-none-eabi/11.3.1/../../../../arm-none-eabi/lib/thumb/v7e-m+fp/hard\libc_nano.a(libc_a-findfp.o) (__sread)
C:/ST/STM32CubeIDE_1.13.1/STM32CubeIDE/plugins/com.st.stm32cube.ide.mcu.externaltools.gnu-tools-for-stm32.11.3.rel1.win32_1.1.0.202305231506/tools/bin/../lib/gcc/arm-none-eabi/11.3.1/../../../../arm-none-eabi/lib/thumb/v7e-m+fp/hard\libc_nano.a(libc_a-memcmp.o)
                              ./common/ThirdParty/SEGGER/OS/SEGGER_SYSVIEW_FreeRTOS.o (memcmp)
C:/ST/STM32CubeIDE_1.13.1/STM32CubeIDE/plugins/com.st.stm32cube.ide.mcu.externaltools.gnu-tools-for-stm32.11.3.rel1.win32_1.1.0.202305231506/tools/bin/../lib/gcc/arm-none-eabi/11.3.1/../../../../arm-none-eabi/lib/thumb/v7e-m+fp/hard\libc_nano.a(libc_a-memset.o)
                              C:/ST/STM32CubeIDE_1.13.1/STM32CubeIDE/plugins/com.st.stm32cube.ide.mcu.externaltools.gnu-tools-for-stm32.11.3.rel1.win32_1.1.0.202305231506/tools/bin/../lib/gcc/arm-none-eabi/11.3.1/../../../../arm-none-eabi/lib/thumb/v7e-m+fp/hard/crt0.o (memset)
C:/ST/STM32CubeIDE_1.13.1/STM32CubeIDE/plugins/com.st.stm32cube.ide.mcu.externaltools.gnu-tools-for-stm32.11.3.rel1.win32_1.1.0.202305231506/tools/bin/../lib/gcc/arm-none-eabi/11.3.1/../../../../arm-none-eabi/lib/thumb/v7e-m+fp/hard\libc_nano.a(libc_a-closer.o)
                              C:/ST/STM32CubeIDE_1.13.1/STM32CubeIDE/plugins/com.st.stm32cube.ide.mcu.externaltools.gnu-tools-for-stm32.11.3.rel1.win32_1.1.0.202305231506/tools/bin/../lib/gcc/arm-none-eabi/11.3.1/../../../../arm-none-eabi/lib/thumb/v7e-m+fp/hard\libc_nano.a(libc_a-stdio.o) (_close_r)
C:/ST/STM32CubeIDE_1.13.1/STM32CubeIDE/plugins/com.st.stm32cube.ide.mcu.externaltools.gnu-tools-for-stm32.11.3.rel1.win32_1.1.0.202305231506/tools/bin/../lib/gcc/arm-none-eabi/11.3.1/../../../../arm-none-eabi/lib/thumb/v7e-m+fp/hard\libc_nano.a(libc_a-reent.o)
                              C:/ST/STM32CubeIDE_1.13.1/STM32CubeIDE/plugins/com.st.stm32cube.ide.mcu.externaltools.gnu-tools-for-stm32.11.3.rel1.win32_1.1.0.202305231506/tools/bin/../lib/gcc/arm-none-eabi/11.3.1/../../../../arm-none-eabi/lib/thumb/v7e-m+fp/hard\libc_nano.a(libc_a-closer.o) (errno)
C:/ST/STM32CubeIDE_1.13.1/STM32CubeIDE/plugins/com.st.stm32cube.ide.mcu.externaltools.gnu-tools-for-stm32.11.3.rel1.win32_1.1.0.202305231506/tools/bin/../lib/gcc/arm-none-eabi/11.3.1/../../../../arm-none-eabi/lib/thumb/v7e-m+fp/hard\libc_nano.a(libc_a-impure.o)
                              C:/ST/STM32CubeIDE_1.13.1/STM32CubeIDE/plugins/com.st.stm32cube.ide.mcu.externaltools.gnu-tools-for-stm32.11.3.rel1.win32_1.1.0.202305231506/tools/bin/../lib/gcc/arm-none-eabi/11.3.1/../../../../arm-none-eabi/lib/thumb/v7e-m+fp/hard\libc_nano.a(libc_a-reent.o) (_impure_ptr)
[...]
Memory Configuration

Name             Origin             Length             Attributes
CCMRAM           0x0000000010000000 0x0000000000010000 xrw
RAM              0x0000000020000000 0x0000000000020000 xrw
FLASH            0x0000000008000000 0x0000000000100000 xr
*default*        0x0000000000000000 0xffffffffffffffff

Linker script and memory map

LOAD C:/ST/STM32CubeIDE_1.13.1/STM32CubeIDE/plugins/com.st.stm32cube.ide.mcu.externaltools.gnu-tools-for-stm32.11.3.rel1.win32_1.1.0.202305231506/tools/bin/../lib/gcc/arm-none-eabi/11.3.1/thumb/v7e-m+fp/hard/crti.o
LOAD C:/ST/STM32CubeIDE_1.13.1/STM32CubeIDE/plugins/com.st.stm32cube.ide.mcu.externaltools.gnu-tools-for-stm32.11.3.rel1.win32_1.1.0.202305231506/tools/bin/../lib/gcc/arm-none-eabi/11.3.1/thumb/v7e-m+fp/hard/crtbegin.o
LOAD C:/ST/STM32CubeIDE_1.13.1/STM32CubeIDE/plugins/com.st.stm32cube.ide.mcu.externaltools.gnu-tools-for-stm32.11.3.rel1.win32_1.1.0.202305231506/tools/bin/../lib/gcc/arm-none-eabi/11.3.1/../../../../arm-none-eabi/lib/thumb/v7e-m+fp/hard/crt0.o
LOAD ./Core/Src/main.o
LOAD ./Core/Src/stm32f4xx_hal_msp.o
LOAD ./Core/Src/stm32f4xx_hal_timebase_tim.o
LOAD ./Core/Src/stm32f4xx_it.o
LOAD ./Core/Src/syscalls.o
LOAD ./Core/Src/sysmem.o
LOAD ./Core/Src/system_stm32f4xx.o
LOAD ./Core/Startup/startup_stm32f407vgtx.o
LOAD ./Drivers/STM32F4xx_HAL_Driver/Src/stm32f4xx_hal.o
LOAD ./Drivers/STM32F4xx_HAL_Driver/Src/stm32f4xx_hal_cortex.o
LOAD ./Drivers/STM32F4xx_HAL_Driver/Src/stm32f4xx_hal_dma.o
LOAD ./Drivers/STM32F4xx_HAL_Driver/Src/stm32f4xx_hal_dma_ex.o
LOAD ./Drivers/STM32F4xx_HAL_Driver/Src/stm32f4xx_hal_exti.o
LOAD ./Drivers/STM32F4xx_HAL_Driver/Src/stm32f4xx_hal_flash.o
LOAD ./Drivers/STM32F4xx_HAL_Driver/Src/stm32f4xx_hal_flash_ex.o
LOAD ./Drivers/STM32F4xx_HAL_Driver/Src/stm32f4xx_hal_flash_ramfunc.o
LOAD ./Drivers/STM32F4xx_HAL_Driver/Src/stm32f4xx_hal_gpio.o
LOAD ./Drivers/STM32F4xx_HAL_Driver/Src/stm32f4xx_hal_pwr.o
LOAD ./Drivers/STM32F4xx_HAL_Driver/Src/stm32f4xx_hal_pwr_ex.o
LOAD ./Drivers/STM32F4xx_HAL_Driver/Src/stm32f4xx_hal_rcc.o
LOAD ./Drivers/STM32F4xx_HAL_Driver/Src/stm32f4xx_hal_rcc_ex.o
LOAD ./Drivers/STM32F4xx_HAL_Driver/Src/stm32f4xx_hal_tim.o
LOAD ./Drivers/STM32F4xx_HAL_Driver/Src/stm32f4xx_hal_tim_ex.o
LOAD ./common/ThirdParty/FreeRTOS/croutine.o
LOAD ./common/ThirdParty/FreeRTOS/event_groups.o
LOAD ./common/ThirdParty/FreeRTOS/list.o
LOAD ./common/ThirdParty/FreeRTOS/queue.o
LOAD ./common/ThirdParty/FreeRTOS/stream_buffer.o
LOAD ./common/ThirdParty/FreeRTOS/tasks.o
LOAD ./common/ThirdParty/FreeRTOS/timers.o
LOAD ./common/ThirdParty/FreeRTOS/portable/GCC/ARM_CM4F/port.o
LOAD ./common/ThirdParty/FreeRTOS/portable/MemMang/heap_4.o
LOAD ./common/ThirdParty/SEGGER/OS/SEGGER_SYSVIEW_FreeRTOS.o
LOAD ./common/ThirdParty/SEGGER/Rec/segger_uart.o
LOAD ./common/ThirdParty/SEGGER/SEGGER/SEGGER_RTT.o
LOAD ./common/ThirdParty/SEGGER/SEGGER/SEGGER_RTT_ASM_ARMv7M.o
LOAD ./common/ThirdParty/SEGGER/SEGGER/SEGGER_RTT_printf.o
LOAD ./common/ThirdParty/SEGGER/SEGGER/SEGGER_SYSVIEW.o
LOAD ./common/ThirdParty/SEGGER/config/SEGGER_SYSVIEW_Config_FreeRTOS.o
START GROUP
LOAD C:/ST/STM32CubeIDE_1.13.1/STM32CubeIDE/plugins/com.st.stm32cube.ide.mcu.externaltools.gnu-tools-for-stm32.11.3.rel1.win32_1.1.0.202305231506/tools/bin/../lib/gcc/arm-none-eabi/11.3.1/../../../../arm-none-eabi/lib/thumb/v7e-m+fp/hard\libc_nano.a
LOAD C:/ST/STM32CubeIDE_1.13.1/STM32CubeIDE/plugins/com.st.stm32cube.ide.mcu.externaltools.gnu-tools-for-stm32.11.3.rel1.win32_1.1.0.202305231506/tools/bin/../lib/gcc/arm-none-eabi/11.3.1/../../../../arm-none-eabi/lib/thumb/v7e-m+fp/hard\libm.a
END GROUP
START GROUP
LOAD C:/ST/STM32CubeIDE_1.13.1/STM32CubeIDE/plugins/com.st.stm32cube.ide.mcu.externaltools.gnu-tools-for-stm32.11.3.rel1.win32_1.1.0.202305231506/tools/bin/../lib/gcc/arm-none-eabi/11.3.1/thumb/v7e-m+fp/hard\libgcc.a
LOAD C:/ST/STM32CubeIDE_1.13.1/STM32CubeIDE/plugins/com.st.stm32cube.ide.mcu.externaltools.gnu-tools-for-stm32.11.3.rel1.win32_1.1.0.202305231506/tools/bin/../lib/gcc/arm-none-eabi/11.3.1/../../../../arm-none-eabi/lib/thumb/v7e-m+fp/hard\libc_nano.a
END GROUP
START GROUP
LOAD C:/ST/STM32CubeIDE_1.13.1/STM32CubeIDE/plugins/com.st.stm32cube.ide.mcu.externaltools.gnu-tools-for-stm32.11.3.rel1.win32_1.1.0.202305231506/tools/bin/../lib/gcc/arm-none-eabi/11.3.1/thumb/v7e-m+fp/hard\libgcc.a
LOAD C:/ST/STM32CubeIDE_1.13.1/STM32CubeIDE/plugins/com.st.stm32cube.ide.mcu.externaltools.gnu-tools-for-stm32.11.3.rel1.win32_1.1.0.202305231506/tools/bin/../lib/gcc/arm-none-eabi/11.3.1/../../../../arm-none-eabi/lib/thumb/v7e-m+fp/hard\libc_nano.a
LOAD C:/ST/STM32CubeIDE_1.13.1/STM32CubeIDE/plugins/com.st.stm32cube.ide.mcu.externaltools.gnu-tools-for-stm32.11.3.rel1.win32_1.1.0.202305231506/tools/bin/../lib/gcc/arm-none-eabi/11.3.1/../../../../arm-none-eabi/lib/thumb/v7e-m+fp/hard\libnosys.a
END GROUP
START GROUP
LOAD C:/ST/STM32CubeIDE_1.13.1/STM32CubeIDE/plugins/com.st.stm32cube.ide.mcu.externaltools.gnu-tools-for-stm32.11.3.rel1.win32_1.1.0.202305231506/tools/bin/../lib/gcc/arm-none-eabi/11.3.1/thumb/v7e-m+fp/hard\libgcc.a
LOAD C:/ST/STM32CubeIDE_1.13.1/STM32CubeIDE/plugins/com.st.stm32cube.ide.mcu.externaltools.gnu-tools-for-stm32.11.3.rel1.win32_1.1.0.202305231506/tools/bin/../lib/gcc/arm-none-eabi/11.3.1/../../../../arm-none-eabi/lib/thumb/v7e-m+fp/hard\libc_nano.a
LOAD C:/ST/STM32CubeIDE_1.13.1/STM32CubeIDE/plugins/com.st.stm32cube.ide.mcu.externaltools.gnu-tools-for-stm32.11.3.rel1.win32_1.1.0.202305231506/tools/bin/../lib/gcc/arm-none-eabi/11.3.1/../../../../arm-none-eabi/lib/thumb/v7e-m+fp/hard\libnosys.a
END GROUP
LOAD C:/ST/STM32CubeIDE_1.13.1/STM32CubeIDE/plugins/com.st.stm32cube.ide.mcu.externaltools.gnu-tools-for-stm32.11.3.rel1.win32_1.1.0.202305231506/tools/bin/../lib/gcc/arm-none-eabi/11.3.1/thumb/v7e-m+fp/hard/crtend.o
LOAD C:/ST/STM32CubeIDE_1.13.1/STM32CubeIDE/plugins/com.st.stm32cube.ide.mcu.externaltools.gnu-tools-for-stm32.11.3.rel1.win32_1.1.0.202305231506/tools/bin/../lib/gcc/arm-none-eabi/11.3.1/thumb/v7e-m+fp/hard/crtn.o
                0x0000000020020000                _estack = (ORIGIN (RAM) + LENGTH (RAM))
                0x0000000000000200                _Min_Heap_Size = 0x200
                0x0000000000000400                _Min_Stack_Size = 0x400

.isr_vector     0x0000000008000000      0x188
                0x0000000008000000                . = ALIGN (0x4)
 *(.isr_vector)
 .isr_vector    0x0000000008000000      0x188 ./Core/Startup/startup_stm32f407vgtx.o
                0x0000000008000000                g_pfnVectors
                0x0000000008000188                . = ALIGN (0x4)

.text           0x0000000008000190     0x6b44
                0x0000000008000190                . = ALIGN (0x4)
 *(.text)
 .text          0x0000000008000190       0x40 C:/ST/STM32CubeIDE_1.13.1/STM32CubeIDE/plugins/com.st.stm32cube.ide.mcu.externaltools.gnu-tools-for-stm32.11.3.rel1.win32_1.1.0.202305231506/tools/bin/../lib/gcc/arm-none-eabi/11.3.1/thumb/v7e-m+fp/hard/crtbegin.o
 .text          0x00000000080001d0       0x94 ./common/ThirdParty/SEGGER/SEGGER/SEGGER_RTT_ASM_ARMv7M.o
                0x00000000080001d0                SEGGER_RTT_ASM_WriteSkipNoLock
 .text          0x0000000008000264       0x30 C:/ST/STM32CubeIDE_1.13.1/STM32CubeIDE/plugins/com.st.stm32cube.ide.mcu.externaltools.gnu-tools-for-stm32.11.3.rel1.win32_1.1.0.202305231506/tools/bin/../lib/gcc/arm-none-eabi/11.3.1/thumb/v7e-m+fp/hard\libgcc.a(_aeabi_uldivmod.o)
                0x0000000008000264                __aeabi_uldivmod
 .text          0x0000000008000294      0x2c8 C:/ST/STM32CubeIDE_1.13.1/STM32CubeIDE/plugins/com.st.stm32cube.ide.mcu.externaltools.gnu-tools-for-stm32.11.3.rel1.win32_1.1.0.202305231506/tools/bin/../lib/gcc/arm-none-eabi/11.3.1/thumb/v7e-m+fp/hard\libgcc.a(_udivmoddi4.o)
                0x0000000008000294                __udivmoddi4
 .text          0x000000000800055c        0x4 C:/ST/STM32CubeIDE_1.13.1/STM32CubeIDE/plugins/com.st.stm32cube.ide.mcu.externaltools.gnu-tools-for-stm32.11.3.rel1.win32_1.1.0.202305231506/tools/bin/../lib/gcc/arm-none-eabi/11.3.1/thumb/v7e-m+fp/hard\libgcc.a(_dvmd_tls.o)
                0x000000000800055c                __aeabi_idiv0
                0x000000000800055c                __aeabi_ldiv0
 *(.text*)
 .text.main     0x0000000008000560      0x124 ./Core/Src/main.o
                0x0000000008000560                main
 .text.SystemClock_Config
                0x0000000008000684       0xbc ./Core/Src/main.o
                0x0000000008000684                SystemClock_Config
 .text.MX_GPIO_Init
                0x0000000008000740       0x88 ./Core/Src/main.o
 .text.led_green_handler
                0x00000000080007c8       0x2c ./Core/Src/main.o
 .text.led_orange_handler
                0x00000000080007f4       0x2c ./Core/Src/main.o
 .text.led_red_handler
                0x0000000008000820       0x2c ./Core/Src/main.o
 .text.led_blue_handler
                0x000000000800084c       0x2c ./Core/Src/main.o
 .text.HAL_TIM_PeriodElapsedCallback
                0x0000000008000878       0x24 ./Core/Src/main.o
                0x0000000008000878                HAL_TIM_PeriodElapsedCallback
 .text.Error_Handler
                0x000000000800089c        0xa ./Core/Src/main.o
                0x000000000800089c                Error_Handler
 *fill*         0x00000000080008a6        0x2 
 .text.HAL_MspInit
                0x00000000080008a8       0x50 ./Core/Src/stm32f4xx_hal_msp.o
                0x00000000080008a8                HAL_MspInit
 .text.HAL_InitTick
                0x00000000080008f8       0xf8 ./Core/Src/stm32f4xx_hal_timebase_tim.o
                0x00000000080008f8                HAL_InitTick
 .text.NMI_Handler
                0x00000000080009f0        0x6 ./Core/Src/stm32f4xx_it.o
                0x00000000080009f0                NMI_Handler
 .text.HardFault_Handler
                0x00000000080009f6        0x6 ./Core/Src/stm32f4xx_it.o
                0x00000000080009f6                HardFault_Handler
 .text.MemManage_Handler
                0x00000000080009fc        0x6 ./Core/Src/stm32f4xx_it.o
                0x00000000080009fc                MemManage_Handler
 .text.BusFault_Handler
                0x0000000008000a02        0x6 ./Core/Src/stm32f4xx_it.o
                0x0000000008000a02                BusFault_Handler
 .text.UsageFault_Handler
                0x0000000008000a08        0x6 ./Core/Src/stm32f4xx_it.o
                0x0000000008000a08                UsageFault_Handler
 .text.DebugMon_Handler
                0x0000000008000a0e        0xe ./Core/Src/stm32f4xx_it.o
                0x0000000008000a0e                DebugMon_Handler
 .text.TIM6_DAC_IRQHandler
                0x0000000008000a1c       0x14 ./Core/Src/stm32f4xx_it.o
                0x0000000008000a1c                TIM6_DAC_IRQHandler
 .text.SystemInit
                0x0000000008000a30       0x24 ./Core/Src/system_stm32f4xx.o
                0x0000000008000a30                SystemInit
 .text.Reset_Handler
                0x0000000008000a54       0x50 ./Core/Startup/startup_stm32f407vgtx.o
                0x0000000008000a54                Reset_Handler
 .text.Default_Handler
                0x0000000008000aa4        0x2 ./Core/Startup/startup_stm32f407vgtx.o
                0x0000000008000aa4                RTC_Alarm_IRQHandler
                0x0000000008000aa4                HASH_RNG_IRQHandler
                0x0000000008000aa4                EXTI2_IRQHandler
                0x0000000008000aa4                TIM8_CC_IRQHandler
                0x0000000008000aa4                TIM1_CC_IRQHandler
                0x0000000008000aa4                DMA2_Stream5_IRQHandler
                0x0000000008000aa4                DMA1_Stream5_IRQHandler
                0x0000000008000aa4                PVD_IRQHandler
                0x0000000008000aa4                SDIO_IRQHandler
                0x0000000008000aa4                TAMP_STAMP_IRQHandler
                0x0000000008000aa4                CAN2_RX1_IRQHandler
                0x0000000008000aa4                EXTI3_IRQHandler
                0x0000000008000aa4                TIM8_TRG_COM_TIM14_IRQHandler
                0x0000000008000aa4                TIM1_UP_TIM10_IRQHandler
                0x0000000008000aa4                TIM8_UP_TIM13_IRQHandler
                0x0000000008000aa4                I2C3_ER_IRQHandler
                0x0000000008000aa4                EXTI0_IRQHandler
                0x0000000008000aa4                I2C2_EV_IRQHandler
                0x0000000008000aa4                DMA1_Stream2_IRQHandler
                0x0000000008000aa4                CAN1_RX0_IRQHandler
                0x0000000008000aa4                FPU_IRQHandler
                0x0000000008000aa4                OTG_HS_WKUP_IRQHandler
                0x0000000008000aa4                CAN2_SCE_IRQHandler
                0x0000000008000aa4                DMA2_Stream2_IRQHandler
                0x0000000008000aa4                SPI1_IRQHandler
                0x0000000008000aa4                TIM1_BRK_TIM9_IRQHandler
                0x0000000008000aa4                DCMI_IRQHandler
                0x0000000008000aa4                CAN2_RX0_IRQHandler
                0x0000000008000aa4                DMA2_Stream3_IRQHandler
                0x0000000008000aa4                USART6_IRQHandler
                0x0000000008000aa4                USART3_IRQHandler
                0x0000000008000aa4                CAN1_RX1_IRQHandler
                0x0000000008000aa4                UART5_IRQHandler
                0x0000000008000aa4                DMA2_Stream0_IRQHandler
                0x0000000008000aa4                TIM4_IRQHandler
                0x0000000008000aa4                I2C1_EV_IRQHandler
                0x0000000008000aa4                DMA1_Stream6_IRQHandler
                0x0000000008000aa4                DMA1_Stream1_IRQHandler
                0x0000000008000aa4                UART4_IRQHandler
                0x0000000008000aa4                TIM3_IRQHandler
                0x0000000008000aa4                RCC_IRQHandler
                0x0000000008000aa4                TIM8_BRK_TIM12_IRQHandler
                0x0000000008000aa4                Default_Handler
                0x0000000008000aa4                EXTI15_10_IRQHandler
                0x0000000008000aa4                ADC_IRQHandler
                0x0000000008000aa4                DMA1_Stream7_IRQHandler
                0x0000000008000aa4                TIM7_IRQHandler
                0x0000000008000aa4                CAN2_TX_IRQHandler
                0x0000000008000aa4                TIM5_IRQHandler
                0x0000000008000aa4                DMA2_Stream7_IRQHandler
                0x0000000008000aa4                I2C3_EV_IRQHandler
                0x0000000008000aa4                EXTI9_5_IRQHandler
                0x0000000008000aa4                RTC_WKUP_IRQHandler
                0x0000000008000aa4                ETH_WKUP_IRQHandler
                0x0000000008000aa4                SPI2_IRQHandler
                0x0000000008000aa4                OTG_HS_EP1_IN_IRQHandler
                0x0000000008000aa4                DMA1_Stream0_IRQHandler
                0x0000000008000aa4                CAN1_TX_IRQHandler
                0x0000000008000aa4                EXTI4_IRQHandler
                0x0000000008000aa4                FSMC_IRQHandler
                0x0000000008000aa4                ETH_IRQHandler
                0x0000000008000aa4                OTG_HS_EP1_OUT_IRQHandler
                0x0000000008000aa4                WWDG_IRQHandler
                0x0000000008000aa4                TIM2_IRQHandler
                0x0000000008000aa4                OTG_FS_WKUP_IRQHandler
                0x0000000008000aa4                TIM1_TRG_COM_TIM11_IRQHandler
                0x0000000008000aa4                OTG_HS_IRQHandler
                0x0000000008000aa4                EXTI1_IRQHandler
                0x0000000008000aa4                I2C2_ER_IRQHandler
                0x0000000008000aa4                DMA2_Stream1_IRQHandler
                0x0000000008000aa4                CAN1_SCE_IRQHandler
                0x0000000008000aa4                FLASH_IRQHandler
                0x0000000008000aa4                DMA2_Stream4_IRQHandler
                0x0000000008000aa4                USART1_IRQHandler
                0x0000000008000aa4                OTG_FS_IRQHandler
                0x0000000008000aa4                SPI3_IRQHandler
                0x0000000008000aa4                DMA1_Stream4_IRQHandler
                0x0000000008000aa4                I2C1_ER_IRQHandler
                0x0000000008000aa4                DMA2_Stream6_IRQHandler
                0x0000000008000aa4                DMA1_Stream3_IRQHandler
 *fill*         0x0000000008000aa6        0x2 
 .text.HAL_Init
                0x0000000008000aa8       0x44 ./Drivers/STM32F4xx_HAL_Driver/Src/stm32f4xx_hal.o
                0x0000000008000aa8                HAL_Init
 .text.HAL_IncTick
                0x0000000008000aec       0x28 ./Drivers/STM32F4xx_HAL_Driver/Src/stm32f4xx_hal.o
                0x0000000008000aec                HAL_IncTick
 .text.HAL_GetTick
                0x0000000008000b14       0x18 ./Drivers/STM32F4xx_HAL_Driver/Src/stm32f4xx_hal.o
                0x0000000008000b14                HAL_GetTick
 .text.__NVIC_SetPriorityGrouping
                0x0000000008000b2c       0x48 ./Drivers/STM32F4xx_HAL_Driver/Src/stm32f4xx_hal_cortex.o
 .text.__NVIC_GetPriorityGrouping
                0x0000000008000b74       0x1c ./Drivers/STM32F4xx_HAL_Driver/Src/stm32f4xx_hal_cortex.o
 .text.__NVIC_EnableIRQ
                0x0000000008000b90       0x3c ./Drivers/STM32F4xx_HAL_Driver/Src/stm32f4xx_hal_cortex.o
 .text.__NVIC_SetPriority
                0x0000000008000bcc       0x54 ./Drivers/STM32F4xx_HAL_Driver/Src/stm32f4xx_hal_cortex.o
 .text.NVIC_EncodePriority
                0x0000000008000c20       0x66 ./Drivers/STM32F4xx_HAL_Driver/Src/stm32f4xx_hal_cortex.o
 .text.HAL_NVIC_SetPriorityGrouping
                0x0000000008000c86       0x16 ./Drivers/STM32F4xx_HAL_Driver/Src/stm32f4xx_hal_cortex.o
                0x0000000008000c86                HAL_NVIC_SetPriorityGrouping
 .text.HAL_NVIC_SetPriority
                0x0000000008000c9c       0x38 ./Drivers/STM32F4xx_HAL_Driver/Src/stm32f4xx_hal_cortex.o
                0x0000000008000c9c                HAL_NVIC_SetPriority
 .text.HAL_NVIC_EnableIRQ
                0x0000000008000cd4       0x1c ./Drivers/STM32F4xx_HAL_Driver/Src/stm32f4xx_hal_cortex.o
                0x0000000008000cd4                HAL_NVIC_EnableIRQ
 .text.HAL_GPIO_Init
                0x0000000008000cf0      0x338 ./Drivers/STM32F4xx_HAL_Driver/Src/stm32f4xx_hal_gpio.o
                0x0000000008000cf0                HAL_GPIO_Init
 .text.HAL_GPIO_WritePin
                0x0000000008001028       0x32 ./Drivers/STM32F4xx_HAL_Driver/Src/stm32f4xx_hal_gpio.o
                0x0000000008001028                HAL_GPIO_WritePin
 .text.HAL_GPIO_TogglePin
                0x000000000800105a       0x34 ./Drivers/STM32F4xx_HAL_Driver/Src/stm32f4xx_hal_gpio.o
                0x000000000800105a                HAL_GPIO_TogglePin
 *fill*         0x000000000800108e        0x2 
 .text.HAL_RCC_OscConfig
                0x0000000008001090      0x4f0 ./Drivers/STM32F4xx_HAL_Driver/Src/stm32f4xx_hal_rcc.o
                0x0000000008001090                HAL_RCC_OscConfig
 .text.HAL_RCC_ClockConfig
                0x0000000008001580      0x1cc ./Drivers/STM32F4xx_HAL_Driver/Src/stm32f4xx_hal_rcc.o
                0x0000000008001580                HAL_RCC_ClockConfig
 .text.HAL_RCC_GetSysClockFreq
                0x000000000800174c      0x18c ./Drivers/STM32F4xx_HAL_Driver/Src/stm32f4xx_hal_rcc.o
                0x000000000800174c                HAL_RCC_GetSysClockFreq
 .text.HAL_RCC_GetHCLKFreq
                0x00000000080018d8       0x18 ./Drivers/STM32F4xx_HAL_Driver/Src/stm32f4xx_hal_rcc.o
                0x00000000080018d8                HAL_RCC_GetHCLKFreq
 .text.HAL_RCC_GetPCLK1Freq
                0x00000000080018f0       0x28 ./Drivers/STM32F4xx_HAL_Driver/Src/stm32f4xx_hal_rcc.o
                0x00000000080018f0                HAL_RCC_GetPCLK1Freq
 .text.HAL_RCC_GetClockConfig
                0x0000000008001918       0x64 ./Drivers/STM32F4xx_HAL_Driver/Src/stm32f4xx_hal_rcc.o
                0x0000000008001918                HAL_RCC_GetClockConfig
 .text.HAL_TIM_Base_Init
                0x000000000800197c       0x9e ./Drivers/STM32F4xx_HAL_Driver/Src/stm32f4xx_hal_tim.o
                0x000000000800197c                HAL_TIM_Base_Init
 .text.HAL_TIM_Base_MspInit
                0x0000000008001a1a       0x14 ./Drivers/STM32F4xx_HAL_Driver/Src/stm32f4xx_hal_tim.o
                0x0000000008001a1a                HAL_TIM_Base_MspInit
 *fill*         0x0000000008001a2e        0x2 
 .text.HAL_TIM_Base_Start_IT
                0x0000000008001a30       0xe0 ./Drivers/STM32F4xx_HAL_Driver/Src/stm32f4xx_hal_tim.o
                0x0000000008001a30                HAL_TIM_Base_Start_IT
 .text.HAL_TIM_IRQHandler
                0x0000000008001b10      0x210 ./Drivers/STM32F4xx_HAL_Driver/Src/stm32f4xx_hal_tim.o
                0x0000000008001b10                HAL_TIM_IRQHandler
 .text.HAL_TIM_OC_DelayElapsedCallback
                0x0000000008001d20       0x14 ./Drivers/STM32F4xx_HAL_Driver/Src/stm32f4xx_hal_tim.o
                0x0000000008001d20                HAL_TIM_OC_DelayElapsedCallback
 .text.HAL_TIM_IC_CaptureCallback
                0x0000000008001d34       0x14 ./Drivers/STM32F4xx_HAL_Driver/Src/stm32f4xx_hal_tim.o
                0x0000000008001d34                HAL_TIM_IC_CaptureCallback
 .text.HAL_TIM_PWM_PulseFinishedCallback
                0x0000000008001d48       0x14 ./Drivers/STM32F4xx_HAL_Driver/Src/stm32f4xx_hal_tim.o
                0x0000000008001d48                HAL_TIM_PWM_PulseFinishedCallback
 .text.HAL_TIM_TriggerCallback
                0x0000000008001d5c       0x14 ./Drivers/STM32F4xx_HAL_Driver/Src/stm32f4xx_hal_tim.o
                0x0000000008001d5c                HAL_TIM_TriggerCallback
 .text.TIM_Base_SetConfig
                0x0000000008001d70      0x140 ./Drivers/STM32F4xx_HAL_Driver/Src/stm32f4xx_hal_tim.o
                0x0000000008001d70                TIM_Base_SetConfig
 .text.HAL_TIMEx_CommutCallback
                0x0000000008001eb0       0x14 ./Drivers/STM32F4xx_HAL_Driver/Src/stm32f4xx_hal_tim_ex.o
                0x0000000008001eb0                HAL_TIMEx_CommutCallback
 .text.HAL_TIMEx_BreakCallback
                0x0000000008001ec4       0x14 ./Drivers/STM32F4xx_HAL_Driver/Src/stm32f4xx_hal_tim_ex.o
                0x0000000008001ec4                HAL_TIMEx_BreakCallback
 .text.vListInitialise
                0x0000000008001ed8       0x40 ./common/ThirdParty/FreeRTOS/list.o
                0x0000000008001ed8                vListInitialise
 .text.vListInitialiseItem
                0x0000000008001f18       0x1a ./common/ThirdParty/FreeRTOS/list.o
                0x0000000008001f18                vListInitialiseItem
 .text.vListInsert
                0x0000000008001f32       0x72 ./common/ThirdParty/FreeRTOS/list.o
                0x0000000008001f32                vListInsert
 .text.uxListRemove
                0x0000000008001fa4       0x54 ./common/ThirdParty/FreeRTOS/list.o
                0x0000000008001fa4                uxListRemove
 .text.xQueueGenericReset
                0x0000000008001ff8      0x120 ./common/ThirdParty/FreeRTOS/queue.o
                0x0000000008001ff8                xQueueGenericReset
 .text.xQueueGenericCreate
                0x0000000008002118       0x9c ./common/ThirdParty/FreeRTOS/queue.o
                0x0000000008002118                xQueueGenericCreate
 .text.prvInitialiseNewQueue
                0x00000000080021b4       0x52 ./common/ThirdParty/FreeRTOS/queue.o
 *fill*         0x0000000008002206        0x2 
 .text.xQueueReceive
                0x0000000008002208      0x220 ./common/ThirdParty/FreeRTOS/queue.o
                0x0000000008002208                xQueueReceive
 .text.prvCopyDataFromQueue
                0x0000000008002428       0x4c ./common/ThirdParty/FreeRTOS/queue.o
 .text.prvUnlockQueue
                0x0000000008002474       0xa4 ./common/ThirdParty/FreeRTOS/queue.o
 .text.prvIsQueueEmpty
                0x0000000008002518       0x2c ./common/ThirdParty/FreeRTOS/queue.o
 .text.vQueueAddToRegistry
                0x0000000008002544       0xac ./common/ThirdParty/FreeRTOS/queue.o
                0x0000000008002544                vQueueAddToRegistry
 .text.vQueueWaitForMessageRestricted
                0x00000000080025f0       0x68 ./common/ThirdParty/FreeRTOS/queue.o
                0x00000000080025f0                vQueueWaitForMessageRestricted
 .text.xTaskCreate
                0x0000000008002658       0x8c ./common/ThirdParty/FreeRTOS/tasks.o
                0x0000000008002658                xTaskCreate
 .text.prvInitialiseNewTask
                0x00000000080026e4      0x11c ./common/ThirdParty/FreeRTOS/tasks.o
 .text.prvAddNewTaskToReadyList
                0x0000000008002800      0x168 ./common/ThirdParty/FreeRTOS/tasks.o
 .text.vTaskDelay
                0x0000000008002968       0x70 ./common/ThirdParty/FreeRTOS/tasks.o
                0x0000000008002968                vTaskDelay
 .text.vTaskStartScheduler
                0x00000000080029d8       0xc4 ./common/ThirdParty/FreeRTOS/tasks.o
                0x00000000080029d8                vTaskStartScheduler
 .text.vTaskSuspendAll
                0x0000000008002a9c       0x1c ./common/ThirdParty/FreeRTOS/tasks.o
                0x0000000008002a9c                vTaskSuspendAll
 .text.xTaskResumeAll
                0x0000000008002ab8      0x200 ./common/ThirdParty/FreeRTOS/tasks.o
                0x0000000008002ab8                xTaskResumeAll
 .text.xTaskGetTickCount
                0x0000000008002cb8       0x20 ./common/ThirdParty/FreeRTOS/tasks.o
                0x0000000008002cb8                xTaskGetTickCount
 .text.xTaskGetTickCountFromISR
                0x0000000008002cd8       0x24 ./common/ThirdParty/FreeRTOS/tasks.o
                0x0000000008002cd8                xTaskGetTickCountFromISR
 .text.xTaskIncrementTick
                0x0000000008002cfc      0x234 ./common/ThirdParty/FreeRTOS/tasks.o
                0x0000000008002cfc                xTaskIncrementTick
 .text.vTaskSwitchContext
                0x0000000008002f30       0xd4 ./common/ThirdParty/FreeRTOS/tasks.o
                0x0000000008002f30                vTaskSwitchContext
 .text.vTaskPlaceOnEventList
                0x0000000008003004       0x48 ./common/ThirdParty/FreeRTOS/tasks.o
                0x0000000008003004                vTaskPlaceOnEventList
 .text.vTaskPlaceOnEventListRestricted
                0x000000000800304c       0x90 ./common/ThirdParty/FreeRTOS/tasks.o
                0x000000000800304c                vTaskPlaceOnEventListRestricted
 .text.xTaskRemoveFromEventList
                0x00000000080030dc      0x1b0 ./common/ThirdParty/FreeRTOS/tasks.o
                0x00000000080030dc                xTaskRemoveFromEventList
 .text.vTaskInternalSetTimeOutState
                0x000000000800328c       0x2c ./common/ThirdParty/FreeRTOS/tasks.o
                0x000000000800328c                vTaskInternalSetTimeOutState
 .text.xTaskCheckForTimeOut
                0x00000000080032b8       0xcc ./common/ThirdParty/FreeRTOS/tasks.o
                0x00000000080032b8                xTaskCheckForTimeOut
 .text.vTaskMissedYield
                0x0000000008003384       0x18 ./common/ThirdParty/FreeRTOS/tasks.o
                0x0000000008003384                vTaskMissedYield
 .text.prvIdleTask
                0x000000000800339c       0x30 ./common/ThirdParty/FreeRTOS/tasks.o
 .text.prvInitialiseTaskLists
                0x00000000080033cc       0x80 ./common/ThirdParty/FreeRTOS/tasks.o
 .text.prvCheckTasksWaitingTermination
                0x000000000800344c       0x5c ./common/ThirdParty/FreeRTOS/tasks.o
 .text.prvDeleteTCB
                0x00000000080034a8       0x20 ./common/ThirdParty/FreeRTOS/tasks.o
 .text.prvResetNextTaskUnblockTime
                0x00000000080034c8       0x38 ./common/ThirdParty/FreeRTOS/tasks.o
 .text.xTaskGetSchedulerState
                0x0000000008003500       0x3c ./common/ThirdParty/FreeRTOS/tasks.o
                0x0000000008003500                xTaskGetSchedulerState
 .text.prvAddCurrentTaskToDelayedList
                0x000000000800353c      0x100 ./common/ThirdParty/FreeRTOS/tasks.o
 .text.xTimerCreateTimerTask
                0x000000000800363c       0x64 ./common/ThirdParty/FreeRTOS/timers.o
                0x000000000800363c                xTimerCreateTimerTask
 .text.prvReloadTimer
                0x00000000080036a0       0x42 ./common/ThirdParty/FreeRTOS/timers.o
 *fill*         0x00000000080036e2        0x2 
 .text.prvProcessExpiredTimer
                0x00000000080036e4       0x60 ./common/ThirdParty/FreeRTOS/timers.o
 .text.prvTimerTask
                0x0000000008003744       0x24 ./common/ThirdParty/FreeRTOS/timers.o
 .text.prvProcessTimerOrBlockTask
                0x0000000008003768       0x9c ./common/ThirdParty/FreeRTOS/timers.o
 .text.prvGetNextExpireTime
                0x0000000008003804       0x48 ./common/ThirdParty/FreeRTOS/timers.o
 .text.prvSampleTimeNow
                0x000000000800384c       0x40 ./common/ThirdParty/FreeRTOS/timers.o
 .text.prvInsertTimerInActiveList
                0x000000000800388c       0x84 ./common/ThirdParty/FreeRTOS/timers.o
 .text.prvProcessReceivedCommands
                0x0000000008003910      0x17c ./common/ThirdParty/FreeRTOS/timers.o
 .text.prvSwitchTimerLists
                0x0000000008003a8c       0x4c ./common/ThirdParty/FreeRTOS/timers.o
 .text.prvCheckForValidListAndQueue
                0x0000000008003ad8       0x6c ./common/ThirdParty/FreeRTOS/timers.o
 .text.pxPortInitialiseStack
                0x0000000008003b44       0x68 ./common/ThirdParty/FreeRTOS/portable/GCC/ARM_CM4F/port.o
                0x0000000008003b44                pxPortInitialiseStack
 .text.prvTaskExitError
                0x0000000008003bac       0x58 ./common/ThirdParty/FreeRTOS/portable/GCC/ARM_CM4F/port.o
 *fill*         0x0000000008003c04        0xc 
 .text.SVC_Handler
                0x0000000008003c10       0x28 ./common/ThirdParty/FreeRTOS/portable/GCC/ARM_CM4F/port.o
                0x0000000008003c10                SVC_Handler
 .text.prvPortStartFirstTask
                0x0000000008003c38       0x2c ./common/ThirdParty/FreeRTOS/portable/GCC/ARM_CM4F/port.o
 .text.xPortStartScheduler
                0x0000000008003c64      0x144 ./common/ThirdParty/FreeRTOS/portable/GCC/ARM_CM4F/port.o
                0x0000000008003c64                xPortStartScheduler
 .text.vInitPrioGroupValue
                0x0000000008003da8       0xfc ./common/ThirdParty/FreeRTOS/portable/GCC/ARM_CM4F/port.o
                0x0000000008003da8                vInitPrioGroupValue
 .text.vPortEnterCritical
                0x0000000008003ea4       0x60 ./common/ThirdParty/FreeRTOS/portable/GCC/ARM_CM4F/port.o
                0x0000000008003ea4                vPortEnterCritical
 .text.vPortExitCritical
                0x0000000008003f04       0x54 ./common/ThirdParty/FreeRTOS/portable/GCC/ARM_CM4F/port.o
                0x0000000008003f04                vPortExitCritical
 *fill*         0x0000000008003f58        0x8 
 .text.PendSV_Handler
                0x0000000008003f60       0x68 ./common/ThirdParty/FreeRTOS/portable/GCC/ARM_CM4F/port.o
                0x0000000008003f60                PendSV_Handler
 .text.SysTick_Handler
                0x0000000008003fc8       0x54 ./common/ThirdParty/FreeRTOS/portable/GCC/ARM_CM4F/port.o
                0x0000000008003fc8                SysTick_Handler
 .text.vPortSetupTimerInterrupt
                0x000000000800401c       0x48 ./common/ThirdParty/FreeRTOS/portable/GCC/ARM_CM4F/port.o
                0x000000000800401c                vPortSetupTimerInterrupt
 .text.vPortEnableVFP
                0x0000000008004064       0x18 ./common/ThirdParty/FreeRTOS/portable/GCC/ARM_CM4F/port.o
 .text.vPortValidateInterruptPriority
                0x000000000800407c       0x80 ./common/ThirdParty/FreeRTOS/portable/GCC/ARM_CM4F/port.o
                0x000000000800407c                vPortValidateInterruptPriority
 .text.pvPortMalloc
                0x00000000080040fc      0x174 ./common/ThirdParty/FreeRTOS/portable/MemMang/heap_4.o
                0x00000000080040fc                pvPortMalloc
 .text.vPortFree
                0x0000000008004270       0xb8 ./common/ThirdParty/FreeRTOS/portable/MemMang/heap_4.o
                0x0000000008004270                vPortFree
 .text.prvHeapInit
                0x0000000008004328       0xb8 ./common/ThirdParty/FreeRTOS/portable/MemMang/heap_4.o
 .text.prvInsertBlockIntoFreeList
                0x00000000080043e0       0xb4 ./common/ThirdParty/FreeRTOS/portable/MemMang/heap_4.o
 .text._cbSendTaskList
                0x0000000008004494       0x90 ./common/ThirdParty/SEGGER/OS/SEGGER_SYSVIEW_FreeRTOS.o
 .text._cbGetTime
                0x0000000008004524       0x86 ./common/ThirdParty/SEGGER/OS/SEGGER_SYSVIEW_FreeRTOS.o
 *fill*         0x00000000080045aa        0x2 
 .text.SYSVIEW_AddTask
                0x00000000080045ac       0xd0 ./common/ThirdParty/SEGGER/OS/SEGGER_SYSVIEW_FreeRTOS.o
                0x00000000080045ac                SYSVIEW_AddTask
 .text.SYSVIEW_SendTaskInfo
                0x000000000800467c       0x42 ./common/ThirdParty/SEGGER/OS/SEGGER_SYSVIEW_FreeRTOS.o
                0x000000000800467c                SYSVIEW_SendTaskInfo
 *fill*         0x00000000080046be        0x2 
 .text.__NVIC_EnableIRQ
                0x00000000080046c0       0x3c ./common/ThirdParty/SEGGER/Rec/segger_uart.o
 .text.__NVIC_SetPriority
                0x00000000080046fc       0x54 ./common/ThirdParty/SEGGER/Rec/segger_uart.o
 .text._StartSysView
                0x0000000008004750       0x1e ./common/ThirdParty/SEGGER/Rec/segger_uart.o
 *fill*         0x000000000800476e        0x2 
 .text._cbOnUARTRx
                0x0000000008004770       0x40 ./common/ThirdParty/SEGGER/Rec/segger_uart.o
 .text._cbOnUARTTx
                0x00000000080047b0       0x64 ./common/ThirdParty/SEGGER/Rec/segger_uart.o
 .text.SEGGER_UART_init
                0x0000000008004814       0x24 ./common/ThirdParty/SEGGER/Rec/segger_uart.o
                0x0000000008004814                SEGGER_UART_init
 .text.USART2_IRQHandler
                0x0000000008004838       0x94 ./common/ThirdParty/SEGGER/Rec/segger_uart.o
                0x0000000008004838                USART2_IRQHandler
 .text.HIF_UART_Init
                0x00000000080048cc       0xf4 ./common/ThirdParty/SEGGER/Rec/segger_uart.o
                0x00000000080048cc                HIF_UART_Init
 .text._DoInit  0x00000000080049c0       0xb0 ./common/ThirdParty/SEGGER/SEGGER/SEGGER_RTT.o
 .text._WriteBlocking
                0x0000000008004a70       0xba ./common/ThirdParty/SEGGER/SEGGER/SEGGER_RTT.o
 .text._WriteNoCheck
                0x0000000008004b2a       0x90 ./common/ThirdParty/SEGGER/SEGGER/SEGGER_RTT.o
 .text._GetAvailWriteSpace
                0x0000000008004bba       0x46 ./common/ThirdParty/SEGGER/SEGGER/SEGGER_RTT.o
 .text.SEGGER_RTT_ReadUpBufferNoLock
                0x0000000008004c00      0x10c ./common/ThirdParty/SEGGER/SEGGER/SEGGER_RTT.o
                0x0000000008004c00                SEGGER_RTT_ReadUpBufferNoLock
 .text.SEGGER_RTT_ReadNoLock
                0x0000000008004d0c      0x10c ./common/ThirdParty/SEGGER/SEGGER/SEGGER_RTT.o
                0x0000000008004d0c                SEGGER_RTT_ReadNoLock
 .text.SEGGER_RTT_WriteDownBufferNoLock
                0x0000000008004e18       0xa0 ./common/ThirdParty/SEGGER/SEGGER/SEGGER_RTT.o
                0x0000000008004e18                SEGGER_RTT_WriteDownBufferNoLock
 .text.SEGGER_RTT_WriteDownBuffer
                0x0000000008004eb8       0x4c ./common/ThirdParty/SEGGER/SEGGER/SEGGER_RTT.o
                0x0000000008004eb8                SEGGER_RTT_WriteDownBuffer
 .text.SEGGER_RTT_AllocUpBuffer
                0x0000000008004f04      0x108 ./common/ThirdParty/SEGGER/SEGGER/SEGGER_RTT.o
                0x0000000008004f04                SEGGER_RTT_AllocUpBuffer
 .text.SEGGER_RTT_ConfigDownBuffer
                0x000000000800500c       0xe0 ./common/ThirdParty/SEGGER/SEGGER/SEGGER_RTT.o
                0x000000000800500c                SEGGER_RTT_ConfigDownBuffer
 .text._EncodeStr
                0x00000000080050ec       0x9a ./common/ThirdParty/SEGGER/SEGGER/SEGGER_SYSVIEW.o
 .text._PreparePacket
                0x0000000008005186       0x18 ./common/ThirdParty/SEGGER/SEGGER/SEGGER_SYSVIEW.o
 *fill*         0x000000000800519e        0x2 
 .text._HandleIncomingPacket
                0x00000000080051a0       0xe0 ./common/ThirdParty/SEGGER/SEGGER/SEGGER_SYSVIEW.o
 .text._TrySendOverflowPacket
                0x0000000008005280       0xe4 ./common/ThirdParty/SEGGER/SEGGER/SEGGER_SYSVIEW.o
 .text._SendPacket
                0x0000000008005364      0x1cc ./common/ThirdParty/SEGGER/SEGGER/SEGGER_SYSVIEW.o
 .text._StoreChar
                0x0000000008005530       0xf6 ./common/ThirdParty/SEGGER/SEGGER/SEGGER_SYSVIEW.o
 *fill*         0x0000000008005626        0x2 
 .text._PrintUnsigned
                0x0000000008005628      0x12c ./common/ThirdParty/SEGGER/SEGGER/SEGGER_SYSVIEW.o
 .text._PrintInt
                0x0000000008005754      0x11e ./common/ThirdParty/SEGGER/SEGGER/SEGGER_SYSVIEW.o
 *fill*         0x0000000008005872        0x2 
 .text._VPrintTarget
                0x0000000008005874      0x3f0 ./common/ThirdParty/SEGGER/SEGGER/SEGGER_SYSVIEW.o
 .text.SEGGER_SYSVIEW_Init
                0x0000000008005c64       0x88 ./common/ThirdParty/SEGGER/SEGGER/SEGGER_SYSVIEW.o
                0x0000000008005c64                SEGGER_SYSVIEW_Init
 .text.SEGGER_SYSVIEW_SetRAMBase
                0x0000000008005cec       0x20 ./common/ThirdParty/SEGGER/SEGGER/SEGGER_SYSVIEW.o
                0x0000000008005cec                SEGGER_SYSVIEW_SetRAMBase
 .text.SEGGER_SYSVIEW_RecordVoid
                0x0000000008005d0c       0x3c ./common/ThirdParty/SEGGER/SEGGER/SEGGER_SYSVIEW.o
                0x0000000008005d0c                SEGGER_SYSVIEW_RecordVoid
 .text.SEGGER_SYSVIEW_RecordU32
                0x0000000008005d48       0x78 ./common/ThirdParty/SEGGER/SEGGER/SEGGER_SYSVIEW.o
                0x0000000008005d48                SEGGER_SYSVIEW_RecordU32
 .text.SEGGER_SYSVIEW_RecordU32x2
                0x0000000008005dc0       0xb4 ./common/ThirdParty/SEGGER/SEGGER/SEGGER_SYSVIEW.o
                0x0000000008005dc0                SEGGER_SYSVIEW_RecordU32x2
 .text.SEGGER_SYSVIEW_RecordU32x3
                0x0000000008005e74       0xec ./common/ThirdParty/SEGGER/SEGGER/SEGGER_SYSVIEW.o
                0x0000000008005e74                SEGGER_SYSVIEW_RecordU32x3
 .text.SEGGER_SYSVIEW_RecordU32x4
                0x0000000008005f60      0x124 ./common/ThirdParty/SEGGER/SEGGER/SEGGER_SYSVIEW.o
                0x0000000008005f60                SEGGER_SYSVIEW_RecordU32x4
 .text.SEGGER_SYSVIEW_Start
                0x0000000008006084      0x174 ./common/ThirdParty/SEGGER/SEGGER/SEGGER_SYSVIEW.o
                0x0000000008006084                SEGGER_SYSVIEW_Start
 .text.SEGGER_SYSVIEW_Stop
                0x00000000080061f8       0x4c ./common/ThirdParty/SEGGER/SEGGER/SEGGER_SYSVIEW.o
                0x00000000080061f8                SEGGER_SYSVIEW_Stop
 .text.SEGGER_SYSVIEW_GetSysDesc
                0x0000000008006244      0x134 ./common/ThirdParty/SEGGER/SEGGER/SEGGER_SYSVIEW.o
                0x0000000008006244                SEGGER_SYSVIEW_GetSysDesc
 .text.SEGGER_SYSVIEW_SendTaskInfo
                0x0000000008006378      0x1c8 ./common/ThirdParty/SEGGER/SEGGER/SEGGER_SYSVIEW.o
                0x0000000008006378                SEGGER_SYSVIEW_SendTaskInfo
 .text.SEGGER_SYSVIEW_SendTaskList
                0x0000000008006540       0x28 ./common/ThirdParty/SEGGER/SEGGER/SEGGER_SYSVIEW.o
                0x0000000008006540                SEGGER_SYSVIEW_SendTaskList
 .text.SEGGER_SYSVIEW_SendSysDesc
                0x0000000008006568       0x48 ./common/ThirdParty/SEGGER/SEGGER/SEGGER_SYSVIEW.o
                0x0000000008006568                SEGGER_SYSVIEW_SendSysDesc
 .text.SEGGER_SYSVIEW_RecordSystime
                0x00000000080065b0       0x64 ./common/ThirdParty/SEGGER/SEGGER/SEGGER_SYSVIEW.o
                0x00000000080065b0                SEGGER_SYSVIEW_RecordSystime
 .text.SEGGER_SYSVIEW_RecordEnterISR
                0x0000000008006614       0x84 ./common/ThirdParty/SEGGER/SEGGER/SEGGER_SYSVIEW.o
                0x0000000008006614                SEGGER_SYSVIEW_RecordEnterISR
 .text.SEGGER_SYSVIEW_RecordExitISR
                0x0000000008006698       0x38 ./common/ThirdParty/SEGGER/SEGGER/SEGGER_SYSVIEW.o
                0x0000000008006698                SEGGER_SYSVIEW_RecordExitISR
 .text.SEGGER_SYSVIEW_RecordExitISRToScheduler
                0x00000000080066d0       0x38 ./common/ThirdParty/SEGGER/SEGGER/SEGGER_SYSVIEW.o
                0x00000000080066d0                SEGGER_SYSVIEW_RecordExitISRToScheduler
 .text.SEGGER_SYSVIEW_OnIdle
                0x0000000008006708       0x38 ./common/ThirdParty/SEGGER/SEGGER/SEGGER_SYSVIEW.o
                0x0000000008006708                SEGGER_SYSVIEW_OnIdle
 .text.SEGGER_SYSVIEW_OnTaskCreate
                0x0000000008006740       0x84 ./common/ThirdParty/SEGGER/SEGGER/SEGGER_SYSVIEW.o
                0x0000000008006740                SEGGER_SYSVIEW_OnTaskCreate
 .text.SEGGER_SYSVIEW_OnTaskStartExec
                0x00000000080067c4       0x84 ./common/ThirdParty/SEGGER/SEGGER/SEGGER_SYSVIEW.o
                0x00000000080067c4                SEGGER_SYSVIEW_OnTaskStartExec
 .text.SEGGER_SYSVIEW_OnTaskStartReady
                0x0000000008006848       0x84 ./common/ThirdParty/SEGGER/SEGGER/SEGGER_SYSVIEW.o
                0x0000000008006848                SEGGER_SYSVIEW_OnTaskStartReady
 .text.SEGGER_SYSVIEW_ShrinkId
                0x00000000080068cc       0x20 ./common/ThirdParty/SEGGER/SEGGER/SEGGER_SYSVIEW.o
                0x00000000080068cc                SEGGER_SYSVIEW_ShrinkId
 .text.SEGGER_SYSVIEW_SendModule
                0x00000000080068ec      0x100 ./common/ThirdParty/SEGGER/SEGGER/SEGGER_SYSVIEW.o
                0x00000000080068ec                SEGGER_SYSVIEW_SendModule
 .text.SEGGER_SYSVIEW_SendModuleDescription
                0x00000000080069ec       0x3c ./common/ThirdParty/SEGGER/SEGGER/SEGGER_SYSVIEW.o
                0x00000000080069ec                SEGGER_SYSVIEW_SendModuleDescription
 .text.SEGGER_SYSVIEW_SendNumModules
                0x0000000008006a28       0x7c ./common/ThirdParty/SEGGER/SEGGER/SEGGER_SYSVIEW.o
                0x0000000008006a28                SEGGER_SYSVIEW_SendNumModules
 .text.SEGGER_SYSVIEW_PrintfTarget
                0x0000000008006aa4       0x28 ./common/ThirdParty/SEGGER/SEGGER/SEGGER_SYSVIEW.o
                0x0000000008006aa4                SEGGER_SYSVIEW_PrintfTarget
 .text.SEGGER_SYSVIEW_Warn
                0x0000000008006acc       0xb8 ./common/ThirdParty/SEGGER/SEGGER/SEGGER_SYSVIEW.o
                0x0000000008006acc                SEGGER_SYSVIEW_Warn
 .text.SEGGER_SYSVIEW_IsStarted
                0x0000000008006b84       0x5c ./common/ThirdParty/SEGGER/SEGGER/SEGGER_SYSVIEW.o
                0x0000000008006b84                SEGGER_SYSVIEW_IsStarted
 .text._cbSendSystemDesc
                0x0000000008006be0       0x1c ./common/ThirdParty/SEGGER/config/SEGGER_SYSVIEW_Config_FreeRTOS.o
 .text.SEGGER_SYSVIEW_Conf
                0x0000000008006bfc       0x2c ./common/ThirdParty/SEGGER/config/SEGGER_SYSVIEW_Config_FreeRTOS.o
                0x0000000008006bfc                SEGGER_SYSVIEW_Conf
 .text.memcmp   0x0000000008006c28       0x20 C:/ST/STM32CubeIDE_1.13.1/STM32CubeIDE/plugins/com.st.stm32cube.ide.mcu.externaltools.gnu-tools-for-stm32.11.3.rel1.win32_1.1.0.202305231506/tools/bin/../lib/gcc/arm-none-eabi/11.3.1/../../../../arm-none-eabi/lib/thumb/v7e-m+fp/hard\libc_nano.a(libc_a-memcmp.o)
                0x0000000008006c28                memcmp
 .text.memset   0x0000000008006c48       0x10 C:/ST/STM32CubeIDE_1.13.1/STM32CubeIDE/plugins/com.st.stm32cube.ide.mcu.externaltools.gnu-tools-for-stm32.11.3.rel1.win32_1.1.0.202305231506/tools/bin/../lib/gcc/arm-none-eabi/11.3.1/../../../../arm-none-eabi/lib/thumb/v7e-m+fp/hard\libc_nano.a(libc_a-memset.o)
                0x0000000008006c48                memset
 .text.__libc_init_array
                0x0000000008006c58       0x48 C:/ST/STM32CubeIDE_1.13.1/STM32CubeIDE/plugins/com.st.stm32cube.ide.mcu.externaltools.gnu-tools-for-stm32.11.3.rel1.win32_1.1.0.202305231506/tools/bin/../lib/gcc/arm-none-eabi/11.3.1/../../../../arm-none-eabi/lib/thumb/v7e-m+fp/hard\libc_nano.a(libc_a-init.o)
                0x0000000008006c58                __libc_init_array
 .text.memcpy   0x0000000008006ca0       0x1c C:/ST/STM32CubeIDE_1.13.1/STM32CubeIDE/plugins/com.st.stm32cube.ide.mcu.externaltools.gnu-tools-for-stm32.11.3.rel1.win32_1.1.0.202305231506/tools/bin/../lib/gcc/arm-none-eabi/11.3.1/../../../../arm-none-eabi/lib/thumb/v7e-m+fp/hard\libc_nano.a(libc_a-memcpy-stub.o)
                0x0000000008006ca0                memcpy
 *(.glue_7)
 .glue_7        0x0000000008006cbc        0x0 linker stubs
 *(.glue_7t)
 .glue_7t       0x0000000008006cbc        0x0 linker stubs
 *(.eh_frame)
 .eh_frame      0x0000000008006cbc        0x0 C:/ST/STM32CubeIDE_1.13.1/STM32CubeIDE/plugins/com.st.stm32cube.ide.mcu.externaltools.gnu-tools-for-stm32.11.3.rel1.win32_1.1.0.202305231506/tools/bin/../lib/gcc/arm-none-eabi/11.3.1/thumb/v7e-m+fp/hard/crtbegin.o
 *(.init)
 .init          0x0000000008006cbc        0x4 C:/ST/STM32CubeIDE_1.13.1/STM32CubeIDE/plugins/com.st.stm32cube.ide.mcu.externaltools.gnu-tools-for-stm32.11.3.rel1.win32_1.1.0.202305231506/tools/bin/../lib/gcc/arm-none-eabi/11.3.1/thumb/v7e-m+fp/hard/crti.o
                0x0000000008006cbc                _init
 .init          0x0000000008006cc0        0x8 C:/ST/STM32CubeIDE_1.13.1/STM32CubeIDE/plugins/com.st.stm32cube.ide.mcu.externaltools.gnu-tools-for-stm32.11.3.rel1.win32_1.1.0.202305231506/tools/bin/../lib/gcc/arm-none-eabi/11.3.1/thumb/v7e-m+fp/hard/crtn.o
 *(.fini)
 .fini          0x0000000008006cc8        0x4 C:/ST/STM32CubeIDE_1.13.1/STM32CubeIDE/plugins/com.st.stm32cube.ide.mcu.externaltools.gnu-tools-for-stm32.11.3.rel1.win32_1.1.0.202305231506/tools/bin/../lib/gcc/arm-none-eabi/11.3.1/thumb/v7e-m+fp/hard/crti.o
                0x0000000008006cc8                _fini
 .fini          0x0000000008006ccc        0x8 C:/ST/STM32CubeIDE_1.13.1/STM32CubeIDE/plugins/com.st.stm32cube.ide.mcu.externaltools.gnu-tools-for-stm32.11.3.rel1.win32_1.1.0.202305231506/tools/bin/../lib/gcc/arm-none-eabi/11.3.1/thumb/v7e-m+fp/hard/crtn.o
                0x0000000008006cd4                . = ALIGN (0x4)
                0x0000000008006cd4                _etext = .

.vfp11_veneer   0x0000000008006cd4        0x0
 .vfp11_veneer  0x0000000008006cd4        0x0 linker stubs

.v4_bx          0x0000000008006cd4        0x0
 .v4_bx         0x0000000008006cd4        0x0 linker stubs

.iplt           0x0000000008006cd4        0x0
 .iplt          0x0000000008006cd4        0x0 C:/ST/STM32CubeIDE_1.13.1/STM32CubeIDE/plugins/com.st.stm32cube.ide.mcu.externaltools.gnu-tools-for-stm32.11.3.rel1.win32_1.1.0.202305231506/tools/bin/../lib/gcc/arm-none-eabi/11.3.1/thumb/v7e-m+fp/hard/crtbegin.o

.rodata         0x0000000008006cd4      0x1ac
                0x0000000008006cd4                . = ALIGN (0x4)
 *(.rodata)
 .rodata        0x0000000008006cd4       0x8e ./Core/Src/main.o
 *fill*         0x0000000008006d62        0x2 
 .rodata        0x0000000008006d64        0x5 ./common/ThirdParty/FreeRTOS/tasks.o
 *fill*         0x0000000008006d69        0x3 
 .rodata        0x0000000008006d6c        0xd ./common/ThirdParty/FreeRTOS/timers.o
 *fill*         0x0000000008006d79        0x3 
 .rodata        0x0000000008006d7c       0x58 ./common/ThirdParty/SEGGER/OS/SEGGER_SYSVIEW_FreeRTOS.o
 .rodata        0x0000000008006dd4       0x17 ./common/ThirdParty/SEGGER/SEGGER/SEGGER_RTT.o
 *fill*         0x0000000008006deb        0x1 
 .rodata        0x0000000008006dec        0x8 ./common/ThirdParty/SEGGER/SEGGER/SEGGER_SYSVIEW.o
 .rodata        0x0000000008006df4       0x49 ./common/ThirdParty/SEGGER/config/SEGGER_SYSVIEW_Config_FreeRTOS.o
 *(.rodata*)
 *fill*         0x0000000008006e3d        0x3 
 .rodata.AHBPrescTable
                0x0000000008006e40       0x10 ./Core/Src/system_stm32f4xx.o
                0x0000000008006e40                AHBPrescTable
 .rodata.APBPrescTable
                0x0000000008006e50        0x8 ./Core/Src/system_stm32f4xx.o
                0x0000000008006e50                APBPrescTable
 .rodata.SYSVIEW_X_OS_TraceAPI
                0x0000000008006e58        0x8 ./common/ThirdParty/SEGGER/OS/SEGGER_SYSVIEW_FreeRTOS.o
                0x0000000008006e58                SYSVIEW_X_OS_TraceAPI
 .rodata._abHelloMsg
                0x0000000008006e60        0x4 ./common/ThirdParty/SEGGER/Rec/segger_uart.o
 .rodata._abSync
                0x0000000008006e64        0xa ./common/ThirdParty/SEGGER/SEGGER/SEGGER_SYSVIEW.o
 *fill*         0x0000000008006e6e        0x2 
 .rodata._aV2C.0
                0x0000000008006e70       0x10 ./common/ThirdParty/SEGGER/SEGGER/SEGGER_SYSVIEW.o
                0x0000000008006e80                . = ALIGN (0x4)

.ARM.extab      0x0000000008006e80        0x0
                0x0000000008006e80                . = ALIGN (0x4)
 *(.ARM.extab* .gnu.linkonce.armextab.*)
                0x0000000008006e80                . = ALIGN (0x4)

.ARM            0x0000000008006e80        0x8
                0x0000000008006e80                . = ALIGN (0x4)
                0x0000000008006e80                __exidx_start = .
 *(.ARM.exidx*)
 .ARM.exidx     0x0000000008006e80        0x8 C:/ST/STM32CubeIDE_1.13.1/STM32CubeIDE/plugins/com.st.stm32cube.ide.mcu.externaltools.gnu-tools-for-stm32.11.3.rel1.win32_1.1.0.202305231506/tools/bin/../lib/gcc/arm-none-eabi/11.3.1/thumb/v7e-m+fp/hard\libgcc.a(_udivmoddi4.o)
                0x0000000008006e88                __exidx_end = .
                0x0000000008006e88                . = ALIGN (0x4)

.rel.dyn        0x0000000008006e88        0x0
 .rel.iplt      0x0000000008006e88        0x0 C:/ST/STM32CubeIDE_1.13.1/STM32CubeIDE/plugins/com.st.stm32cube.ide.mcu.externaltools.gnu-tools-for-stm32.11.3.rel1.win32_1.1.0.202305231506/tools/bin/../lib/gcc/arm-none-eabi/11.3.1/thumb/v7e-m+fp/hard/crtbegin.o

.preinit_array  0x0000000008006e88        0x0
                0x0000000008006e88                . = ALIGN (0x4)
                0x0000000008006e88                PROVIDE (__preinit_array_start = .)
 *(.preinit_array*)
                0x0000000008006e88                PROVIDE (__preinit_array_end = .)
                0x0000000008006e88                . = ALIGN (0x4)

.init_array     0x0000000008006e88        0x4
                0x0000000008006e88                . = ALIGN (0x4)
                0x0000000008006e88                PROVIDE (__init_array_start = .)
 *(SORT_BY_NAME(.init_array.*))
 *(.init_array*)
 .init_array    0x0000000008006e88        0x4 C:/ST/STM32CubeIDE_1.13.1/STM32CubeIDE/plugins/com.st.stm32cube.ide.mcu.externaltools.gnu-tools-for-stm32.11.3.rel1.win32_1.1.0.202305231506/tools/bin/../lib/gcc/arm-none-eabi/11.3.1/thumb/v7e-m+fp/hard/crtbegin.o
                0x0000000008006e8c                PROVIDE (__init_array_end = .)
                0x0000000008006e8c                . = ALIGN (0x4)

.fini_array     0x0000000008006e8c        0x4
                0x0000000008006e8c                . = ALIGN (0x4)
                [!provide]                        PROVIDE (__fini_array_start = .)
 *(SORT_BY_NAME(.fini_array.*))
 *(.fini_array*)
 .fini_array    0x0000000008006e8c        0x4 C:/ST/STM32CubeIDE_1.13.1/STM32CubeIDE/plugins/com.st.stm32cube.ide.mcu.externaltools.gnu-tools-for-stm32.11.3.rel1.win32_1.1.0.202305231506/tools/bin/../lib/gcc/arm-none-eabi/11.3.1/thumb/v7e-m+fp/hard/crtbegin.o
                [!provide]                        PROVIDE (__fini_array_end = .)
                0x0000000008006e90                . = ALIGN (0x4)
                0x0000000008006e90                _sidata = LOADADDR (.data)

.data           0x0000000020000000       0x1c load address 0x0000000008006e90
                0x0000000020000000                . = ALIGN (0x4)
                0x0000000020000000                _sdata = .
 *(.data)
 *(.data*)
 .data.SystemCoreClock
                0x0000000020000000        0x4 ./Core/Src/system_stm32f4xx.o
                0x0000000020000000                SystemCoreClock
 .data.uwTickPrio
                0x0000000020000004        0x4 ./Drivers/STM32F4xx_HAL_Driver/Src/stm32f4xx_hal.o
                0x0000000020000004                uwTickPrio
 .data.uwTickFreq
                0x0000000020000008        0x1 ./Drivers/STM32F4xx_HAL_Driver/Src/stm32f4xx_hal.o
                0x0000000020000008                uwTickFreq
 *fill*         0x0000000020000009        0x3 
 .data.uxTopUsedPriority
                0x000000002000000c        0x4 ./common/ThirdParty/FreeRTOS/tasks.o
                0x000000002000000c                uxTopUsedPriority
 .data.uxCriticalNesting
                0x0000000020000010        0x4 ./common/ThirdParty/FreeRTOS/portable/GCC/ARM_CM4F/port.o
 .data._SVInfo  0x0000000020000014        0x8 ./common/ThirdParty/SEGGER/Rec/segger_uart.o
 *(.RamFunc)
 *(.RamFunc*)
                0x000000002000001c                . = ALIGN (0x4)
                0x000000002000001c                _edata = .
                0x0000000008006eac                _siccmram = LOADADDR (.ccmram)

.igot.plt       0x000000002000001c        0x0 load address 0x0000000008006eac
 .igot.plt      0x000000002000001c        0x0 C:/ST/STM32CubeIDE_1.13.1/STM32CubeIDE/plugins/com.st.stm32cube.ide.mcu.externaltools.gnu-tools-for-stm32.11.3.rel1.win32_1.1.0.202305231506/tools/bin/../lib/gcc/arm-none-eabi/11.3.1/thumb/v7e-m+fp/hard/crtbegin.o

.ccmram         0x0000000010000000        0x0 load address 0x0000000008006eac
                0x0000000010000000                . = ALIGN (0x4)
                0x0000000010000000                _sccmram = .
 *(.ccmram)
 *(.ccmram*)
                0x0000000010000000                . = ALIGN (0x4)
                0x0000000010000000                _eccmram = .
                0x0000000010000000                . = ALIGN (0x4)

.bss            0x000000002000001c    0x1448c
                0x000000002000001c                _sbss = .
                0x000000002000001c                __bss_start__ = _sbss
 *(.bss)
 .bss           0x000000002000001c       0x1c C:/ST/STM32CubeIDE_1.13.1/STM32CubeIDE/plugins/com.st.stm32cube.ide.mcu.externaltools.gnu-tools-for-stm32.11.3.rel1.win32_1.1.0.202305231506/tools/bin/../lib/gcc/arm-none-eabi/11.3.1/thumb/v7e-m+fp/hard/crtbegin.o
 *(.bss*)
 .bss.htim6     0x0000000020000038       0x48 ./Core/Src/stm32f4xx_hal_timebase_tim.o
                0x0000000020000038                htim6
 .bss.uwTick    0x0000000020000080        0x4 ./Drivers/STM32F4xx_HAL_Driver/Src/stm32f4xx_hal.o
                0x0000000020000080                uwTick
 .bss.xQueueRegistry
                0x0000000020000084       0x40 ./common/ThirdParty/FreeRTOS/queue.o
                0x0000000020000084                xQueueRegistry
 .bss.pxCurrentTCB
                0x00000000200000c4        0x4 ./common/ThirdParty/FreeRTOS/tasks.o
                0x00000000200000c4                pxCurrentTCB
 .bss.pxReadyTasksLists
                0x00000000200000c8       0x64 ./common/ThirdParty/FreeRTOS/tasks.o
 .bss.xDelayedTaskList1
                0x000000002000012c       0x14 ./common/ThirdParty/FreeRTOS/tasks.o
 .bss.xDelayedTaskList2
                0x0000000020000140       0x14 ./common/ThirdParty/FreeRTOS/tasks.o
 .bss.pxDelayedTaskList
                0x0000000020000154        0x4 ./common/ThirdParty/FreeRTOS/tasks.o
 .bss.pxOverflowDelayedTaskList
                0x0000000020000158        0x4 ./common/ThirdParty/FreeRTOS/tasks.o
 .bss.xPendingReadyList
                0x000000002000015c       0x14 ./common/ThirdParty/FreeRTOS/tasks.o
 .bss.xTasksWaitingTermination
                0x0000000020000170       0x14 ./common/ThirdParty/FreeRTOS/tasks.o
 .bss.uxDeletedTasksWaitingCleanUp
                0x0000000020000184        0x4 ./common/ThirdParty/FreeRTOS/tasks.o
 .bss.xSuspendedTaskList
                0x0000000020000188       0x14 ./common/ThirdParty/FreeRTOS/tasks.o
 .bss.uxCurrentNumberOfTasks
                0x000000002000019c        0x4 ./common/ThirdParty/FreeRTOS/tasks.o
 .bss.xTickCount
                0x00000000200001a0        0x4 ./common/ThirdParty/FreeRTOS/tasks.o
 .bss.uxTopReadyPriority
                0x00000000200001a4        0x4 ./common/ThirdParty/FreeRTOS/tasks.o
 .bss.xSchedulerRunning
                0x00000000200001a8        0x4 ./common/ThirdParty/FreeRTOS/tasks.o
 .bss.xPendedTicks
                0x00000000200001ac        0x4 ./common/ThirdParty/FreeRTOS/tasks.o
 .bss.xYieldPending
                0x00000000200001b0        0x4 ./common/ThirdParty/FreeRTOS/tasks.o
 .bss.xNumOfOverflows
                0x00000000200001b4        0x4 ./common/ThirdParty/FreeRTOS/tasks.o
 .bss.uxTaskNumber
                0x00000000200001b8        0x4 ./common/ThirdParty/FreeRTOS/tasks.o
 .bss.xNextTaskUnblockTime
                0x00000000200001bc        0x4 ./common/ThirdParty/FreeRTOS/tasks.o
 .bss.xIdleTaskHandle
                0x00000000200001c0        0x4 ./common/ThirdParty/FreeRTOS/tasks.o
 .bss.uxSchedulerSuspended
                0x00000000200001c4        0x4 ./common/ThirdParty/FreeRTOS/tasks.o
 .bss.xActiveTimerList1
                0x00000000200001c8       0x14 ./common/ThirdParty/FreeRTOS/timers.o
 .bss.xActiveTimerList2
                0x00000000200001dc       0x14 ./common/ThirdParty/FreeRTOS/timers.o
 .bss.pxCurrentTimerList
                0x00000000200001f0        0x4 ./common/ThirdParty/FreeRTOS/timers.o
 .bss.pxOverflowTimerList
                0x00000000200001f4        0x4 ./common/ThirdParty/FreeRTOS/timers.o
 .bss.xTimerQueue
                0x00000000200001f8        0x4 ./common/ThirdParty/FreeRTOS/timers.o
 .bss.xTimerTaskHandle
                0x00000000200001fc        0x4 ./common/ThirdParty/FreeRTOS/timers.o
 .bss.xLastTime.0
                0x0000000020000200        0x4 ./common/ThirdParty/FreeRTOS/timers.o
 .bss.ucMaxSysCallPriority
                0x0000000020000204        0x1 ./common/ThirdParty/FreeRTOS/portable/GCC/ARM_CM4F/port.o
 *fill*         0x0000000020000205        0x3 
 .bss.ulMaxPRIGROUPValue
                0x0000000020000208        0x4 ./common/ThirdParty/FreeRTOS/portable/GCC/ARM_CM4F/port.o
 .bss.ucHeap    0x000000002000020c    0x12c00 ./common/ThirdParty/FreeRTOS/portable/MemMang/heap_4.o
 .bss.xStart    0x0000000020012e0c        0x8 ./common/ThirdParty/FreeRTOS/portable/MemMang/heap_4.o
 .bss.pxEnd     0x0000000020012e14        0x4 ./common/ThirdParty/FreeRTOS/portable/MemMang/heap_4.o
 .bss.xFreeBytesRemaining
                0x0000000020012e18        0x4 ./common/ThirdParty/FreeRTOS/portable/MemMang/heap_4.o
 .bss.xMinimumEverFreeBytesRemaining
                0x0000000020012e1c        0x4 ./common/ThirdParty/FreeRTOS/portable/MemMang/heap_4.o
 .bss.xNumberOfSuccessfulAllocations
                0x0000000020012e20        0x4 ./common/ThirdParty/FreeRTOS/portable/MemMang/heap_4.o
 .bss.xNumberOfSuccessfulFrees
                0x0000000020012e24        0x4 ./common/ThirdParty/FreeRTOS/portable/MemMang/heap_4.o
 .bss._aTasks   0x0000000020012e28       0xa0 ./common/ThirdParty/SEGGER/OS/SEGGER_SYSVIEW_FreeRTOS.o
 .bss._NumTasks
                0x0000000020012ec8        0x4 ./common/ThirdParty/SEGGER/OS/SEGGER_SYSVIEW_FreeRTOS.o
 .bss._cbOnRx   0x0000000020012ecc        0x4 ./common/ThirdParty/SEGGER/Rec/segger_uart.o
 .bss._cbOnTx   0x0000000020012ed0        0x4 ./common/ThirdParty/SEGGER/Rec/segger_uart.o
 .bss._SEGGER_RTT
                0x0000000020012ed4       0xa8 ./common/ThirdParty/SEGGER/SEGGER/SEGGER_RTT.o
                0x0000000020012ed4                _SEGGER_RTT
 .bss._acUpBuffer
                0x0000000020012f7c      0x400 ./common/ThirdParty/SEGGER/SEGGER/SEGGER_RTT.o
 .bss._acDownBuffer
                0x000000002001337c       0x10 ./common/ThirdParty/SEGGER/SEGGER/SEGGER_RTT.o
 .bss._UpBuffer
                0x000000002001338c     0x1000 ./common/ThirdParty/SEGGER/SEGGER/SEGGER_SYSVIEW.o
 .bss._DownBuffer
                0x000000002001438c        0x8 ./common/ThirdParty/SEGGER/SEGGER/SEGGER_SYSVIEW.o
 .bss._SYSVIEW_Globals
                0x0000000020014394       0x28 ./common/ThirdParty/SEGGER/SEGGER/SEGGER_SYSVIEW.o
 .bss._pFirstModule
                0x00000000200143bc        0x4 ./common/ThirdParty/SEGGER/SEGGER/SEGGER_SYSVIEW.o
 .bss._NumModules
                0x00000000200143c0        0x1 ./common/ThirdParty/SEGGER/SEGGER/SEGGER_SYSVIEW.o
 *fill*         0x00000000200143c1        0x3 
 .bss._aPacket  0x00000000200143c4       0xe3 ./common/ThirdParty/SEGGER/SEGGER/SEGGER_SYSVIEW.o
 *(COMMON)
                0x00000000200144a8                . = ALIGN (0x4)
 *fill*         0x00000000200144a7        0x1 
                0x00000000200144a8                _ebss = .
                0x00000000200144a8                __bss_end__ = _ebss

._user_heap_stack
                0x00000000200144a8      0x600
                0x00000000200144a8                . = ALIGN (0x8)
                [!provide]                        PROVIDE (end = .)
                0x00000000200144a8                PROVIDE (_end = .)
                0x00000000200146a8                . = (. + _Min_Heap_Size)
 *fill*         0x00000000200144a8      0x200 
                0x0000000020014aa8                . = (. + _Min_Stack_Size)
 *fill*         0x00000000200146a8      0x400 
                0x0000000020014aa8                . = ALIGN (0x8)

/DISCARD/
 libc.a(*)
 libm.a(*)
 libgcc.a(*)

.ARM.attributes
                0x0000000000000000       0x30
 *(.ARM.attributes)
 .ARM.attributes
                0x0000000000000000       0x1e C:/ST/STM32CubeIDE_1.13.1/STM32CubeIDE/plugins/com.st.stm32cube.ide.mcu.externaltools.gnu-tools-for-stm32.11.3.rel1.win32_1.1.0.202305231506/tools/bin/../lib/gcc/arm-none-eabi/11.3.1/thumb/v7e-m+fp/hard/crti.o
 .ARM.attributes
                0x000000000000001e       0x34 C:/ST/STM32CubeIDE_1.13.1/STM32CubeIDE/plugins/com.st.stm32cube.ide.mcu.externaltools.gnu-tools-for-stm32.11.3.rel1.win32_1.1.0.202305231506/tools/bin/../lib/gcc/arm-none-eabi/11.3.1/thumb/v7e-m+fp/hard/crtbegin.o
 .ARM.attributes
                0x0000000000000052       0x34 ./Core/Src/main.o
 .ARM.attributes
                0x0000000000000086       0x34 ./Core/Src/stm32f4xx_hal_msp.o
 .ARM.attributes
                0x00000000000000ba       0x34 ./Core/Src/stm32f4xx_hal_timebase_tim.o
 .ARM.attributes
                0x00000000000000ee       0x34 ./Core/Src/stm32f4xx_it.o
 .ARM.attributes
                0x0000000000000122       0x34 ./Core/Src/system_stm32f4xx.o
 .ARM.attributes
                0x0000000000000156       0x21 ./Core/Startup/startup_stm32f407vgtx.o
 .ARM.attributes
                0x0000000000000177       0x34 ./Drivers/STM32F4xx_HAL_Driver/Src/stm32f4xx_hal.o
 .ARM.attributes
                0x00000000000001ab       0x34 ./Drivers/STM32F4xx_HAL_Driver/Src/stm32f4xx_hal_cortex.o
 .ARM.attributes
                0x00000000000001df       0x34 ./Drivers/STM32F4xx_HAL_Driver/Src/stm32f4xx_hal_gpio.o
 .ARM.attributes
                0x0000000000000213       0x34 ./Drivers/STM32F4xx_HAL_Driver/Src/stm32f4xx_hal_rcc.o
 .ARM.attributes
                0x0000000000000247       0x34 ./Drivers/STM32F4xx_HAL_Driver/Src/stm32f4xx_hal_tim.o
 .ARM.attributes
                0x000000000000027b       0x34 ./Drivers/STM32F4xx_HAL_Driver/Src/stm32f4xx_hal_tim_ex.o
 .ARM.attributes
                0x00000000000002af       0x34 ./common/ThirdParty/FreeRTOS/list.o
 .ARM.attributes
                0x00000000000002e3       0x34 ./common/ThirdParty/FreeRTOS/queue.o
 .ARM.attributes
                0x0000000000000317       0x34 ./common/ThirdParty/FreeRTOS/tasks.o
 .ARM.attributes
                0x000000000000034b       0x34 ./common/ThirdParty/FreeRTOS/timers.o
 .ARM.attributes
                0x000000000000037f       0x34 ./common/ThirdParty/FreeRTOS/portable/GCC/ARM_CM4F/port.o
 .ARM.attributes
                0x00000000000003b3       0x34 ./common/ThirdParty/FreeRTOS/portable/MemMang/heap_4.o
 .ARM.attributes
                0x00000000000003e7       0x34 ./common/ThirdParty/SEGGER/OS/SEGGER_SYSVIEW_FreeRTOS.o
 .ARM.attributes
                0x000000000000041b       0x34 ./common/ThirdParty/SEGGER/Rec/segger_uart.o
 .ARM.attributes
                0x000000000000044f       0x34 ./common/ThirdParty/SEGGER/SEGGER/SEGGER_RTT.o
 .ARM.attributes
                0x0000000000000483       0x20 ./common/ThirdParty/SEGGER/SEGGER/SEGGER_RTT_ASM_ARMv7M.o
 .ARM.attributes
                0x00000000000004a3       0x34 ./common/ThirdParty/SEGGER/SEGGER/SEGGER_SYSVIEW.o
 .ARM.attributes
                0x00000000000004d7       0x34 ./common/ThirdParty/SEGGER/config/SEGGER_SYSVIEW_Config_FreeRTOS.o
 .ARM.attributes
                0x000000000000050b       0x34 C:/ST/STM32CubeIDE_1.13.1/STM32CubeIDE/plugins/com.st.stm32cube.ide.mcu.externaltools.gnu-tools-for-stm32.11.3.rel1.win32_1.1.0.202305231506/tools/bin/../lib/gcc/arm-none-eabi/11.3.1/../../../../arm-none-eabi/lib/thumb/v7e-m+fp/hard\libc_nano.a(libc_a-memcmp.o)
 .ARM.attributes
                0x000000000000053f       0x34 C:/ST/STM32CubeIDE_1.13.1/STM32CubeIDE/plugins/com.st.stm32cube.ide.mcu.externaltools.gnu-tools-for-stm32.11.3.rel1.win32_1.1.0.202305231506/tools/bin/../lib/gcc/arm-none-eabi/11.3.1/../../../../arm-none-eabi/lib/thumb/v7e-m+fp/hard\libc_nano.a(libc_a-memset.o)
 .ARM.attributes
                0x0000000000000573       0x34 C:/ST/STM32CubeIDE_1.13.1/STM32CubeIDE/plugins/com.st.stm32cube.ide.mcu.externaltools.gnu-tools-for-stm32.11.3.rel1.win32_1.1.0.202305231506/tools/bin/../lib/gcc/arm-none-eabi/11.3.1/../../../../arm-none-eabi/lib/thumb/v7e-m+fp/hard\libc_nano.a(libc_a-init.o)
 .ARM.attributes
                0x00000000000005a7       0x34 C:/ST/STM32CubeIDE_1.13.1/STM32CubeIDE/plugins/com.st.stm32cube.ide.mcu.externaltools.gnu-tools-for-stm32.11.3.rel1.win32_1.1.0.202305231506/tools/bin/../lib/gcc/arm-none-eabi/11.3.1/../../../../arm-none-eabi/lib/thumb/v7e-m+fp/hard\libc_nano.a(libc_a-memcpy-stub.o)
 .ARM.attributes
                0x00000000000005db       0x1e C:/ST/STM32CubeIDE_1.13.1/STM32CubeIDE/plugins/com.st.stm32cube.ide.mcu.externaltools.gnu-tools-for-stm32.11.3.rel1.win32_1.1.0.202305231506/tools/bin/../lib/gcc/arm-none-eabi/11.3.1/thumb/v7e-m+fp/hard\libgcc.a(_aeabi_uldivmod.o)
 .ARM.attributes
                0x00000000000005f9       0x34 C:/ST/STM32CubeIDE_1.13.1/STM32CubeIDE/plugins/com.st.stm32cube.ide.mcu.externaltools.gnu-tools-for-stm32.11.3.rel1.win32_1.1.0.202305231506/tools/bin/../lib/gcc/arm-none-eabi/11.3.1/thumb/v7e-m+fp/hard\libgcc.a(_udivmoddi4.o)
 .ARM.attributes
                0x000000000000062d       0x1e C:/ST/STM32CubeIDE_1.13.1/STM32CubeIDE/plugins/com.st.stm32cube.ide.mcu.externaltools.gnu-tools-for-stm32.11.3.rel1.win32_1.1.0.202305231506/tools/bin/../lib/gcc/arm-none-eabi/11.3.1/thumb/v7e-m+fp/hard\libgcc.a(_dvmd_tls.o)
 .ARM.attributes
                0x000000000000064b       0x1e C:/ST/STM32CubeIDE_1.13.1/STM32CubeIDE/plugins/com.st.stm32cube.ide.mcu.externaltools.gnu-tools-for-stm32.11.3.rel1.win32_1.1.0.202305231506/tools/bin/../lib/gcc/arm-none-eabi/11.3.1/thumb/v7e-m+fp/hard/crtn.o
OUTPUT(FreeRTOS3Task.elf elf32-littlearm)
LOAD linker stubs
LOAD C:/ST/STM32CubeIDE_1.13.1/STM32CubeIDE/plugins/com.st.stm32cube.ide.mcu.externaltools.gnu-tools-for-stm32.11.3.rel1.win32_1.1.0.202305231506/tools/bin/../lib/gcc/arm-none-eabi/11.3.1/../../../../arm-none-eabi/lib/thumb/v7e-m+fp/hard\libc.a
LOAD C:/ST/STM32CubeIDE_1.13.1/STM32CubeIDE/plugins/com.st.stm32cube.ide.mcu.externaltools.gnu-tools-for-stm32.11.3.rel1.win32_1.1.0.202305231506/tools/bin/../lib/gcc/arm-none-eabi/11.3.1/../../../../arm-none-eabi/lib/thumb/v7e-m+fp/hard\libm.a
LOAD C:/ST/STM32CubeIDE_1.13.1/STM32CubeIDE/plugins/com.st.stm32cube.ide.mcu.externaltools.gnu-tools-for-stm32.11.3.rel1.win32_1.1.0.202305231506/tools/bin/../lib/gcc/arm-none-eabi/11.3.1/thumb/v7e-m+fp/hard\libgcc.a

.comment        0x0000000000000000       0x43
 .comment       0x0000000000000000       0x43 C:/ST/STM32CubeIDE_1.13.1/STM32CubeIDE/plugins/com.st.stm32cube.ide.mcu.externaltools.gnu-tools-for-stm32.11.3.rel1.win32_1.1.0.202305231506/tools/bin/../lib/gcc/arm-none-eabi/11.3.1/thumb/v7e-m+fp/hard/crtbegin.o
                                         0x44 (size before relaxing)
 .comment       0x0000000000000043       0x44 ./Core/Src/main.o
 .comment       0x0000000000000043       0x44 ./Core/Src/stm32f4xx_hal_msp.o
 .comment       0x0000000000000043       0x44 ./Core/Src/stm32f4xx_hal_timebase_tim.o
 .comment       0x0000000000000043       0x44 ./Core/Src/stm32f4xx_it.o
 .comment       0x0000000000000043       0x44 ./Core/Src/system_stm32f4xx.o
 .comment       0x0000000000000043       0x44 ./Drivers/STM32F4xx_HAL_Driver/Src/stm32f4xx_hal.o
 .comment       0x0000000000000043       0x44 ./Drivers/STM32F4xx_HAL_Driver/Src/stm32f4xx_hal_cortex.o
 .comment       0x0000000000000043       0x44 ./Drivers/STM32F4xx_HAL_Driver/Src/stm32f4xx_hal_gpio.o
 .comment       0x0000000000000043       0x44 ./Drivers/STM32F4xx_HAL_Driver/Src/stm32f4xx_hal_rcc.o
 .comment       0x0000000000000043       0x44 ./Drivers/STM32F4xx_HAL_Driver/Src/stm32f4xx_hal_tim.o
 .comment       0x0000000000000043       0x44 ./Drivers/STM32F4xx_HAL_Driver/Src/stm32f4xx_hal_tim_ex.o
 .comment       0x0000000000000043       0x44 ./common/ThirdParty/FreeRTOS/list.o
 .comment       0x0000000000000043       0x44 ./common/ThirdParty/FreeRTOS/queue.o
 .comment       0x0000000000000043       0x44 ./common/ThirdParty/FreeRTOS/tasks.o
 .comment       0x0000000000000043       0x44 ./common/ThirdParty/FreeRTOS/timers.o
 .comment       0x0000000000000043       0x44 ./common/ThirdParty/FreeRTOS/portable/GCC/ARM_CM4F/port.o
 .comment       0x0000000000000043       0x44 ./common/ThirdParty/FreeRTOS/portable/MemMang/heap_4.o
 .comment       0x0000000000000043       0x44 ./common/ThirdParty/SEGGER/OS/SEGGER_SYSVIEW_FreeRTOS.o
 .comment       0x0000000000000043       0x44 ./common/ThirdParty/SEGGER/Rec/segger_uart.o
 .comment       0x0000000000000043       0x44 ./common/ThirdParty/SEGGER/SEGGER/SEGGER_RTT.o
 .comment       0x0000000000000043       0x44 ./common/ThirdParty/SEGGER/SEGGER/SEGGER_SYSVIEW.o
 .comment       0x0000000000000043       0x44 ./common/ThirdParty/SEGGER/config/SEGGER_SYSVIEW_Config_FreeRTOS.o

.debug_info     0x0000000000000000    0x13ebb
 .debug_info    0x0000000000000000      0xedd ./Core/Src/main.o
 .debug_info    0x0000000000000edd      0x278 ./Core/Src/stm32f4xx_hal_msp.o
 .debug_info    0x0000000000001155      0xbee ./Core/Src/stm32f4xx_hal_timebase_tim.o
 .debug_info    0x0000000000001d43      0x6ab ./Core/Src/stm32f4xx_it.o
 .debug_info    0x00000000000023ee      0x512 ./Core/Src/system_stm32f4xx.o
 .debug_info    0x0000000000002900       0x23 ./Core/Startup/startup_stm32f407vgtx.o
 .debug_info    0x0000000000002923      0x948 ./Drivers/STM32F4xx_HAL_Driver/Src/stm32f4xx_hal.o
 .debug_info    0x000000000000326b      0xd46 ./Drivers/STM32F4xx_HAL_Driver/Src/stm32f4xx_hal_cortex.o
 .debug_info    0x0000000000003fb1      0x6c3 ./Drivers/STM32F4xx_HAL_Driver/Src/stm32f4xx_hal_gpio.o
 .debug_info    0x0000000000004674      0x8b1 ./Drivers/STM32F4xx_HAL_Driver/Src/stm32f4xx_hal_rcc.o
 .debug_info    0x0000000000004f25     0x2948 ./Drivers/STM32F4xx_HAL_Driver/Src/stm32f4xx_hal_tim.o
 .debug_info    0x000000000000786d     0x14ae ./Drivers/STM32F4xx_HAL_Driver/Src/stm32f4xx_hal_tim_ex.o
 .debug_info    0x0000000000008d1b      0x2af ./common/ThirdParty/FreeRTOS/list.o
 .debug_info    0x0000000000008fca     0x18ec ./common/ThirdParty/FreeRTOS/queue.o
 .debug_info    0x000000000000a8b6     0x25e5 ./common/ThirdParty/FreeRTOS/tasks.o
 .debug_info    0x000000000000ce9b      0xe20 ./common/ThirdParty/FreeRTOS/timers.o
 .debug_info    0x000000000000dcbb      0x59d ./common/ThirdParty/FreeRTOS/portable/GCC/ARM_CM4F/port.o
 .debug_info    0x000000000000e258      0x523 ./common/ThirdParty/FreeRTOS/portable/MemMang/heap_4.o
 .debug_info    0x000000000000e77b      0x411 ./common/ThirdParty/SEGGER/OS/SEGGER_SYSVIEW_FreeRTOS.o
 .debug_info    0x000000000000eb8c      0x8a4 ./common/ThirdParty/SEGGER/Rec/segger_uart.o
 .debug_info    0x000000000000f430     0x13d7 ./common/ThirdParty/SEGGER/SEGGER/SEGGER_RTT.o
 .debug_info    0x0000000000010807       0x25 ./common/ThirdParty/SEGGER/SEGGER/SEGGER_RTT_ASM_ARMv7M.o
 .debug_info    0x000000000001082c     0x351c ./common/ThirdParty/SEGGER/SEGGER/SEGGER_SYSVIEW.o
 .debug_info    0x0000000000013d48      0x173 ./common/ThirdParty/SEGGER/config/SEGGER_SYSVIEW_Config_FreeRTOS.o

.debug_abbrev   0x0000000000000000     0x3124
 .debug_abbrev  0x0000000000000000      0x30a ./Core/Src/main.o
 .debug_abbrev  0x000000000000030a       0xeb ./Core/Src/stm32f4xx_hal_msp.o
 .debug_abbrev  0x00000000000003f5      0x1f4 ./Core/Src/stm32f4xx_hal_timebase_tim.o
 .debug_abbrev  0x00000000000005e9      0x17d ./Core/Src/stm32f4xx_it.o
 .debug_abbrev  0x0000000000000766      0x11a ./Core/Src/system_stm32f4xx.o
 .debug_abbrev  0x0000000000000880       0x12 ./Core/Startup/startup_stm32f407vgtx.o
 .debug_abbrev  0x0000000000000892      0x213 ./Drivers/STM32F4xx_HAL_Driver/Src/stm32f4xx_hal.o
 .debug_abbrev  0x0000000000000aa5      0x327 ./Drivers/STM32F4xx_HAL_Driver/Src/stm32f4xx_hal_cortex.o
 .debug_abbrev  0x0000000000000dcc      0x1d4 ./Drivers/STM32F4xx_HAL_Driver/Src/stm32f4xx_hal_gpio.o
 .debug_abbrev  0x0000000000000fa0      0x2b6 ./Drivers/STM32F4xx_HAL_Driver/Src/stm32f4xx_hal_rcc.o
 .debug_abbrev  0x0000000000001256      0x271 ./Drivers/STM32F4xx_HAL_Driver/Src/stm32f4xx_hal_tim.o
 .debug_abbrev  0x00000000000014c7      0x27c ./Drivers/STM32F4xx_HAL_Driver/Src/stm32f4xx_hal_tim_ex.o
 .debug_abbrev  0x0000000000001743       0xf5 ./common/ThirdParty/FreeRTOS/list.o
 .debug_abbrev  0x0000000000001838      0x321 ./common/ThirdParty/FreeRTOS/queue.o
 .debug_abbrev  0x0000000000001b59      0x39f ./common/ThirdParty/FreeRTOS/tasks.o
 .debug_abbrev  0x0000000000001ef8      0x2cb ./common/ThirdParty/FreeRTOS/timers.o
 .debug_abbrev  0x00000000000021c3      0x25a ./common/ThirdParty/FreeRTOS/portable/GCC/ARM_CM4F/port.o
 .debug_abbrev  0x000000000000241d      0x256 ./common/ThirdParty/FreeRTOS/portable/MemMang/heap_4.o
 .debug_abbrev  0x0000000000002673      0x1a4 ./common/ThirdParty/SEGGER/OS/SEGGER_SYSVIEW_FreeRTOS.o
 .debug_abbrev  0x0000000000002817      0x28c ./common/ThirdParty/SEGGER/Rec/segger_uart.o
 .debug_abbrev  0x0000000000002aa3      0x258 ./common/ThirdParty/SEGGER/SEGGER/SEGGER_RTT.o
 .debug_abbrev  0x0000000000002cfb       0x14 ./common/ThirdParty/SEGGER/SEGGER/SEGGER_RTT_ASM_ARMv7M.o
 .debug_abbrev  0x0000000000002d0f      0x336 ./common/ThirdParty/SEGGER/SEGGER/SEGGER_SYSVIEW.o
 .debug_abbrev  0x0000000000003045       0xdf ./common/ThirdParty/SEGGER/config/SEGGER_SYSVIEW_Config_FreeRTOS.o

.debug_aranges  0x0000000000000000     0x1368
 .debug_aranges
                0x0000000000000000       0x60 ./Core/Src/main.o
 .debug_aranges
                0x0000000000000060       0x20 ./Core/Src/stm32f4xx_hal_msp.o
 .debug_aranges
                0x0000000000000080       0x30 ./Core/Src/stm32f4xx_hal_timebase_tim.o
 .debug_aranges
                0x00000000000000b0       0x50 ./Core/Src/stm32f4xx_it.o
 .debug_aranges
                0x0000000000000100       0x28 ./Core/Src/system_stm32f4xx.o
 .debug_aranges
                0x0000000000000128       0x28 ./Core/Startup/startup_stm32f407vgtx.o
 .debug_aranges
                0x0000000000000150       0xf0 ./Drivers/STM32F4xx_HAL_Driver/Src/stm32f4xx_hal.o
 .debug_aranges
                0x0000000000000240      0x118 ./Drivers/STM32F4xx_HAL_Driver/Src/stm32f4xx_hal_cortex.o
 .debug_aranges
                0x0000000000000358       0x58 ./Drivers/STM32F4xx_HAL_Driver/Src/stm32f4xx_hal_gpio.o
 .debug_aranges
                0x00000000000003b0       0x88 ./Drivers/STM32F4xx_HAL_Driver/Src/stm32f4xx_hal_rcc.o
 .debug_aranges
                0x0000000000000438      0x3d0 ./Drivers/STM32F4xx_HAL_Driver/Src/stm32f4xx_hal_tim.o
 .debug_aranges
                0x0000000000000808      0x168 ./Drivers/STM32F4xx_HAL_Driver/Src/stm32f4xx_hal_tim_ex.o
 .debug_aranges
                0x0000000000000970       0x40 ./common/ThirdParty/FreeRTOS/list.o
 .debug_aranges
                0x00000000000009b0      0x130 ./common/ThirdParty/FreeRTOS/queue.o
 .debug_aranges
                0x0000000000000ae0      0x208 ./common/ThirdParty/FreeRTOS/tasks.o
 .debug_aranges
                0x0000000000000ce8       0xe8 ./common/ThirdParty/FreeRTOS/timers.o
 .debug_aranges
                0x0000000000000dd0       0x88 ./common/ThirdParty/FreeRTOS/portable/GCC/ARM_CM4F/port.o
 .debug_aranges
                0x0000000000000e58       0x60 ./common/ThirdParty/FreeRTOS/portable/MemMang/heap_4.o
 .debug_aranges
                0x0000000000000eb8       0x48 ./common/ThirdParty/SEGGER/OS/SEGGER_SYSVIEW_FreeRTOS.o
 .debug_aranges
                0x0000000000000f00       0x68 ./common/ThirdParty/SEGGER/Rec/segger_uart.o
 .debug_aranges
                0x0000000000000f68      0x138 ./common/ThirdParty/SEGGER/SEGGER/SEGGER_RTT.o
 .debug_aranges
                0x00000000000010a0       0x20 ./common/ThirdParty/SEGGER/SEGGER/SEGGER_RTT_ASM_ARMv7M.o
 .debug_aranges
                0x00000000000010c0      0x280 ./common/ThirdParty/SEGGER/SEGGER/SEGGER_SYSVIEW.o
 .debug_aranges
                0x0000000000001340       0x28 ./common/ThirdParty/SEGGER/config/SEGGER_SYSVIEW_Config_FreeRTOS.o

.debug_rnglists
                0x0000000000000000      0xee6
 .debug_rnglists
                0x0000000000000000       0x46 ./Core/Src/main.o
 .debug_rnglists
                0x0000000000000046       0x13 ./Core/Src/stm32f4xx_hal_msp.o
 .debug_rnglists
                0x0000000000000059       0x20 ./Core/Src/stm32f4xx_hal_timebase_tim.o
 .debug_rnglists
                0x0000000000000079       0x37 ./Core/Src/stm32f4xx_it.o
 .debug_rnglists
                0x00000000000000b0       0x1a ./Core/Src/system_stm32f4xx.o
 .debug_rnglists
                0x00000000000000ca       0x19 ./Core/Startup/startup_stm32f407vgtx.o
 .debug_rnglists
                0x00000000000000e3       0xaf ./Drivers/STM32F4xx_HAL_Driver/Src/stm32f4xx_hal.o
 .debug_rnglists
                0x0000000000000192       0xce ./Drivers/STM32F4xx_HAL_Driver/Src/stm32f4xx_hal_cortex.o
 .debug_rnglists
                0x0000000000000260       0x3f ./Drivers/STM32F4xx_HAL_Driver/Src/stm32f4xx_hal_gpio.o
 .debug_rnglists
                0x000000000000029f       0x66 ./Drivers/STM32F4xx_HAL_Driver/Src/stm32f4xx_hal_rcc.o
 .debug_rnglists
                0x0000000000000305      0x31a ./Drivers/STM32F4xx_HAL_Driver/Src/stm32f4xx_hal_tim.o
 .debug_rnglists
                0x000000000000061f      0x125 ./Drivers/STM32F4xx_HAL_Driver/Src/stm32f4xx_hal_tim_ex.o
 .debug_rnglists
                0x0000000000000744       0x2b ./common/ThirdParty/FreeRTOS/list.o
 .debug_rnglists
                0x000000000000076f       0xec ./common/ThirdParty/FreeRTOS/queue.o
 .debug_rnglists
                0x000000000000085b      0x1a1 ./common/ThirdParty/FreeRTOS/tasks.o
 .debug_rnglists
                0x00000000000009fc       0xad ./common/ThirdParty/FreeRTOS/timers.o
 .debug_rnglists
                0x0000000000000aa9       0x64 ./common/ThirdParty/FreeRTOS/portable/GCC/ARM_CM4F/port.o
 .debug_rnglists
                0x0000000000000b0d       0x48 ./common/ThirdParty/FreeRTOS/portable/MemMang/heap_4.o
 .debug_rnglists
                0x0000000000000b55       0x36 ./common/ThirdParty/SEGGER/OS/SEGGER_SYSVIEW_FreeRTOS.o
 .debug_rnglists
                0x0000000000000b8b       0x4b ./common/ThirdParty/SEGGER/Rec/segger_uart.o
 .debug_rnglists
                0x0000000000000bd6       0xf5 ./common/ThirdParty/SEGGER/SEGGER/SEGGER_RTT.o
 .debug_rnglists
                0x0000000000000ccb      0x202 ./common/ThirdParty/SEGGER/SEGGER/SEGGER_SYSVIEW.o
 .debug_rnglists
                0x0000000000000ecd       0x19 ./common/ThirdParty/SEGGER/config/SEGGER_SYSVIEW_Config_FreeRTOS.o

.debug_macro    0x0000000000000000    0x23aa8
 .debug_macro   0x0000000000000000      0x379 ./Core/Src/main.o
 .debug_macro   0x0000000000000379      0xaa8 ./Core/Src/main.o
 .debug_macro   0x0000000000000e21      0x295 ./Core/Src/main.o
 .debug_macro   0x00000000000010b6       0x2e ./Core/Src/main.o
 .debug_macro   0x00000000000010e4       0x2f ./Core/Src/main.o
 .debug_macro   0x0000000000001113       0x22 ./Core/Src/main.o
 .debug_macro   0x0000000000001135       0x8e ./Core/Src/main.o
 .debug_macro   0x00000000000011c3       0x51 ./Core/Src/main.o
 .debug_macro   0x0000000000001214      0x103 ./Core/Src/main.o
 .debug_macro   0x0000000000001317       0x6a ./Core/Src/main.o
 .debug_macro   0x0000000000001381      0x1df ./Core/Src/main.o
 .debug_macro   0x0000000000001560       0x1c ./Core/Src/main.o
 .debug_macro   0x000000000000157c       0x22 ./Core/Src/main.o
 .debug_macro   0x000000000000159e       0xd9 ./Core/Src/main.o
 .debug_macro   0x0000000000001677     0x102d ./Core/Src/main.o
 .debug_macro   0x00000000000026a4      0x11f ./Core/Src/main.o
 .debug_macro   0x00000000000027c3    0x15e82 ./Core/Src/main.o
 .debug_macro   0x0000000000018645       0x6d ./Core/Src/main.o
 .debug_macro   0x00000000000186b2     0x367e ./Core/Src/main.o
 .debug_macro   0x000000000001bd30      0x174 ./Core/Src/main.o
 .debug_macro   0x000000000001bea4       0x5c ./Core/Src/main.o
 .debug_macro   0x000000000001bf00      0x96b ./Core/Src/main.o
 .debug_macro   0x000000000001c86b      0x9fe ./Core/Src/main.o
 .debug_macro   0x000000000001d269      0x115 ./Core/Src/main.o
 .debug_macro   0x000000000001d37e      0x13e ./Core/Src/main.o
 .debug_macro   0x000000000001d4bc       0xa5 ./Core/Src/main.o
 .debug_macro   0x000000000001d561      0x174 ./Core/Src/main.o
 .debug_macro   0x000000000001d6d5      0x287 ./Core/Src/main.o
 .debug_macro   0x000000000001d95c       0x5f ./Core/Src/main.o
 .debug_macro   0x000000000001d9bb      0x236 ./Core/Src/main.o
 .debug_macro   0x000000000001dbf1      0x12c ./Core/Src/main.o
 .debug_macro   0x000000000001dd1d      0x21e ./Core/Src/main.o
 .debug_macro   0x000000000001df3b       0x2e ./Core/Src/main.o
 .debug_macro   0x000000000001df69      0x11a ./Core/Src/main.o
 .debug_macro   0x000000000001e083       0x7e ./Core/Src/main.o
 .debug_macro   0x000000000001e101       0x89 ./Core/Src/main.o
 .debug_macro   0x000000000001e18a      0x8e6 ./Core/Src/main.o
 .debug_macro   0x000000000001ea70       0x47 ./Core/Src/main.o
 .debug_macro   0x000000000001eab7      0x12d ./Core/Src/main.o
 .debug_macro   0x000000000001ebe4       0x61 ./Core/Src/main.o
 .debug_macro   0x000000000001ec45       0x2a ./Core/Src/main.o
 .debug_macro   0x000000000001ec6f       0x43 ./Core/Src/main.o
 .debug_macro   0x000000000001ecb2       0x34 ./Core/Src/main.o
 .debug_macro   0x000000000001ece6       0x16 ./Core/Src/main.o
 .debug_macro   0x000000000001ecfc       0x35 ./Core/Src/main.o
 .debug_macro   0x000000000001ed31      0x369 ./Core/Src/main.o
 .debug_macro   0x000000000001f09a       0x10 ./Core/Src/main.o
 .debug_macro   0x000000000001f0aa       0x16 ./Core/Src/main.o
 .debug_macro   0x000000000001f0c0       0x43 ./Core/Src/main.o
 .debug_macro   0x000000000001f103       0x34 ./Core/Src/main.o
 .debug_macro   0x000000000001f137       0x10 ./Core/Src/main.o
 .debug_macro   0x000000000001f147       0x58 ./Core/Src/main.o
 .debug_macro   0x000000000001f19f       0x8e ./Core/Src/main.o
 .debug_macro   0x000000000001f22d       0x1c ./Core/Src/main.o
 .debug_macro   0x000000000001f249      0x177 ./Core/Src/main.o
 .debug_macro   0x000000000001f3c0       0x16 ./Core/Src/main.o
 .debug_macro   0x000000000001f3d6       0x16 ./Core/Src/main.o
 .debug_macro   0x000000000001f3ec      0x147 ./Core/Src/main.o
 .debug_macro   0x000000000001f533      0x106 ./Core/Src/main.o
 .debug_macro   0x000000000001f639       0x4c ./Core/Src/main.o
 .debug_macro   0x000000000001f685       0x46 ./Core/Src/main.o
 .debug_macro   0x000000000001f6cb       0x64 ./Core/Src/main.o
 .debug_macro   0x000000000001f72f       0x10 ./Core/Src/main.o
 .debug_macro   0x000000000001f73f       0x49 ./Core/Src/main.o
 .debug_macro   0x000000000001f788       0xc3 ./Core/Src/main.o
 .debug_macro   0x000000000001f84b      0x204 ./Core/Src/main.o
 .debug_macro   0x000000000001fa4f      0x450 ./Core/Src/main.o
 .debug_macro   0x000000000001fe9f      0x15a ./Core/Src/main.o
 .debug_macro   0x000000000001fff9       0xea ./Core/Src/main.o
 .debug_macro   0x00000000000200e3       0x28 ./Core/Src/main.o
 .debug_macro   0x000000000002010b       0x1f ./Core/Src/main.o
 .debug_macro   0x000000000002012a       0x12 ./Core/Src/main.o
 .debug_macro   0x000000000002013c      0x400 ./Core/Src/main.o
 .debug_macro   0x000000000002053c       0xc3 ./Core/Src/main.o
 .debug_macro   0x00000000000205ff      0x120 ./Core/Src/main.o
 .debug_macro   0x000000000002071f      0x283 ./Core/Src/stm32f4xx_hal_msp.o
 .debug_macro   0x00000000000209a2       0x58 ./Core/Src/stm32f4xx_hal_msp.o
 .debug_macro   0x00000000000209fa      0x1c4 ./Core/Src/stm32f4xx_hal_timebase_tim.o
 .debug_macro   0x0000000000020bbe      0x1d8 ./Core/Src/stm32f4xx_it.o
 .debug_macro   0x0000000000020d96      0x1c4 ./Core/Src/system_stm32f4xx.o
 .debug_macro   0x0000000000020f5a      0x224 ./Drivers/STM32F4xx_HAL_Driver/Src/stm32f4xx_hal.o
 .debug_macro   0x000000000002117e      0x1c4 ./Drivers/STM32F4xx_HAL_Driver/Src/stm32f4xx_hal_cortex.o
 .debug_macro   0x0000000000021342      0x1ca ./Drivers/STM32F4xx_HAL_Driver/Src/stm32f4xx_hal_gpio.o
 .debug_macro   0x000000000002150c      0x1e8 ./Drivers/STM32F4xx_HAL_Driver/Src/stm32f4xx_hal_rcc.o
 .debug_macro   0x00000000000216f4      0x1c5 ./Drivers/STM32F4xx_HAL_Driver/Src/stm32f4xx_hal_tim.o
 .debug_macro   0x00000000000218b9      0x1c4 ./Drivers/STM32F4xx_HAL_Driver/Src/stm32f4xx_hal_tim_ex.o
 .debug_macro   0x0000000000021a7d      0x1f8 ./common/ThirdParty/FreeRTOS/list.o
 .debug_macro   0x0000000000021c75      0x28f ./common/ThirdParty/FreeRTOS/queue.o
 .debug_macro   0x0000000000021f04       0x16 ./common/ThirdParty/FreeRTOS/queue.o
 .debug_macro   0x0000000000021f1a       0x20 ./common/ThirdParty/FreeRTOS/queue.o
 .debug_macro   0x0000000000021f3a       0x80 ./common/ThirdParty/FreeRTOS/queue.o
 .debug_macro   0x0000000000021fba      0x2de ./common/ThirdParty/FreeRTOS/tasks.o
 .debug_macro   0x0000000000022298       0x17 ./common/ThirdParty/FreeRTOS/tasks.o
 .debug_macro   0x00000000000222af      0x247 ./common/ThirdParty/FreeRTOS/timers.o
 .debug_macro   0x00000000000224f6       0x97 ./common/ThirdParty/FreeRTOS/timers.o
 .debug_macro   0x000000000002258d      0x207 ./common/ThirdParty/FreeRTOS/portable/GCC/ARM_CM4F/port.o
 .debug_macro   0x0000000000022794      0x279 ./common/ThirdParty/FreeRTOS/portable/MemMang/heap_4.o
 .debug_macro   0x0000000000022a0d      0x207 ./common/ThirdParty/SEGGER/OS/SEGGER_SYSVIEW_FreeRTOS.o
 .debug_macro   0x0000000000022c14      0x41c ./common/ThirdParty/SEGGER/Rec/segger_uart.o
 .debug_macro   0x0000000000023030       0x3a ./common/ThirdParty/SEGGER/Rec/segger_uart.o
 .debug_macro   0x000000000002306a      0x138 ./common/ThirdParty/SEGGER/Rec/segger_uart.o
 .debug_macro   0x00000000000231a2       0x56 ./common/ThirdParty/SEGGER/Rec/segger_uart.o
 .debug_macro   0x00000000000231f8      0x1bd ./common/ThirdParty/SEGGER/SEGGER/SEGGER_RTT.o
 .debug_macro   0x00000000000233b5       0x34 ./common/ThirdParty/SEGGER/SEGGER/SEGGER_RTT.o
 .debug_macro   0x00000000000233e9      0x212 ./common/ThirdParty/SEGGER/SEGGER/SEGGER_SYSVIEW.o
 .debug_macro   0x00000000000235fb      0x204 ./common/ThirdParty/SEGGER/SEGGER/SEGGER_SYSVIEW.o
 .debug_macro   0x00000000000237ff      0x16e ./common/ThirdParty/SEGGER/SEGGER/SEGGER_SYSVIEW.o
 .debug_macro   0x000000000002396d      0x13b ./common/ThirdParty/SEGGER/config/SEGGER_SYSVIEW_Config_FreeRTOS.o

.debug_line     0x0000000000000000    0x16570
 .debug_line    0x0000000000000000      0xd02 ./Core/Src/main.o
 .debug_line    0x0000000000000d02      0x9db ./Core/Src/stm32f4xx_hal_msp.o
 .debug_line    0x00000000000016dd      0x7aa ./Core/Src/stm32f4xx_hal_timebase_tim.o
 .debug_line    0x0000000000001e87      0x7cb ./Core/Src/stm32f4xx_it.o
 .debug_line    0x0000000000002652      0x7b0 ./Core/Src/system_stm32f4xx.o
 .debug_line    0x0000000000002e02       0x7a ./Core/Startup/startup_stm32f407vgtx.o
 .debug_line    0x0000000000002e7c      0xa16 ./Drivers/STM32F4xx_HAL_Driver/Src/stm32f4xx_hal.o
 .debug_line    0x0000000000003892      0xcc5 ./Drivers/STM32F4xx_HAL_Driver/Src/stm32f4xx_hal_cortex.o
 .debug_line    0x0000000000004557      0xb8a ./Drivers/STM32F4xx_HAL_Driver/Src/stm32f4xx_hal_gpio.o
 .debug_line    0x00000000000050e1      0xd8d ./Drivers/STM32F4xx_HAL_Driver/Src/stm32f4xx_hal_rcc.o
 .debug_line    0x0000000000005e6e     0x3702 ./Drivers/STM32F4xx_HAL_Driver/Src/stm32f4xx_hal_tim.o
 .debug_line    0x0000000000009570     0x1a13 ./Drivers/STM32F4xx_HAL_Driver/Src/stm32f4xx_hal_tim_ex.o
 .debug_line    0x000000000000af83      0x976 ./common/ThirdParty/FreeRTOS/list.o
 .debug_line    0x000000000000b8f9     0x18b4 ./common/ThirdParty/FreeRTOS/queue.o
 .debug_line    0x000000000000d1ad     0x2088 ./common/ThirdParty/FreeRTOS/tasks.o
 .debug_line    0x000000000000f235      0xe96 ./common/ThirdParty/FreeRTOS/timers.o
 .debug_line    0x00000000000100cb      0xaea ./common/ThirdParty/FreeRTOS/portable/GCC/ARM_CM4F/port.o
 .debug_line    0x0000000000010bb5      0xbf7 ./common/ThirdParty/FreeRTOS/portable/MemMang/heap_4.o
 .debug_line    0x00000000000117ac      0xa49 ./common/ThirdParty/SEGGER/OS/SEGGER_SYSVIEW_FreeRTOS.o
 .debug_line    0x00000000000121f5      0xc1d ./common/ThirdParty/SEGGER/Rec/segger_uart.o
 .debug_line    0x0000000000012e12      0xf5b ./common/ThirdParty/SEGGER/SEGGER/SEGGER_RTT.o
 .debug_line    0x0000000000013d6d       0x86 ./common/ThirdParty/SEGGER/SEGGER/SEGGER_RTT_ASM_ARMv7M.o
 .debug_line    0x0000000000013df3     0x2030 ./common/ThirdParty/SEGGER/SEGGER/SEGGER_SYSVIEW.o
 .debug_line    0x0000000000015e23      0x74d ./common/ThirdParty/SEGGER/config/SEGGER_SYSVIEW_Config_FreeRTOS.o

.debug_str      0x0000000000000000    0xd7e86
 .debug_str     0x0000000000000000    0xce68c ./Core/Src/main.o
                                      0xcea42 (size before relaxing)
 .debug_str     0x00000000000ce68c       0x40 ./Core/Src/stm32f4xx_hal_msp.o
                                      0xc8c98 (size before relaxing)
 .debug_str     0x00000000000ce6cc      0x5fe ./Core/Src/stm32f4xx_hal_timebase_tim.o
                                      0xc2663 (size before relaxing)
 .debug_str     0x00000000000cecca       0xb9 ./Core/Src/stm32f4xx_it.o
                                      0xc1f6d (size before relaxing)
 .debug_str     0x00000000000ced83       0xdb ./Core/Src/system_stm32f4xx.o
                                      0xc1b6c (size before relaxing)
 .debug_str     0x00000000000cee5e       0x34 ./Core/Startup/startup_stm32f407vgtx.o
                                         0x80 (size before relaxing)
 .debug_str     0x00000000000cee92      0x5d3 ./Drivers/STM32F4xx_HAL_Driver/Src/stm32f4xx_hal.o
                                      0xc26f0 (size before relaxing)
 .debug_str     0x00000000000cf465      0x33a ./Drivers/STM32F4xx_HAL_Driver/Src/stm32f4xx_hal_cortex.o
                                      0xc2423 (size before relaxing)
 .debug_str     0x00000000000cf79f      0x11e ./Drivers/STM32F4xx_HAL_Driver/Src/stm32f4xx_hal_gpio.o
                                      0xc1ce7 (size before relaxing)
 .debug_str     0x00000000000cf8bd      0x1fd ./Drivers/STM32F4xx_HAL_Driver/Src/stm32f4xx_hal_rcc.o
                                      0xc1fa0 (size before relaxing)
 .debug_str     0x00000000000cfaba      0xe69 ./Drivers/STM32F4xx_HAL_Driver/Src/stm32f4xx_hal_tim.o
                                      0xc2ee6 (size before relaxing)
 .debug_str     0x00000000000d0923      0x503 ./Drivers/STM32F4xx_HAL_Driver/Src/stm32f4xx_hal_tim_ex.o
                                      0xc2702 (size before relaxing)
 .debug_str     0x00000000000d0e26      0x2a1 ./common/ThirdParty/FreeRTOS/list.o
                                       0xf065 (size before relaxing)
 .debug_str     0x00000000000d10c7     0x1502 ./common/ThirdParty/FreeRTOS/queue.o
                                      0x117e6 (size before relaxing)
 .debug_str     0x00000000000d25c9     0x1c1b ./common/ThirdParty/FreeRTOS/tasks.o
                                      0x12303 (size before relaxing)
 .debug_str     0x00000000000d41e4      0x580 ./common/ThirdParty/FreeRTOS/timers.o
                                      0x118e4 (size before relaxing)